Component: ARM Compiler 5.06 update 1 (build 61) Tool: armlink [4d35a8]

==============================================================================

Section Cross References

    los_priqueue.o(i.LOS_PriqueueEnqueue) refers to los_priqueue.o(.data) for g_pstLosPriorityQueueList
    los_priqueue.o(i.LOS_PriqueueSize) refers to los_priqueue.o(.data) for g_pstLosPriorityQueueList
    los_priqueue.o(i.LOS_PriqueueTop) refers to los_priqueue.o(.data) for g_pstLosPriorityQueueList
    los_priqueue.o(i.LOS_PriqueueTotalSize) refers to los_priqueue.o(i.LOS_PriqueueSize) for LOS_PriqueueSize
    los_priqueue.o(i.osPriqueueInit) refers to los_memory.o(i.LOS_MemAlloc) for LOS_MemAlloc
    los_priqueue.o(i.osPriqueueInit) refers to los_config.o(.data) for m_aucSysMem0
    los_priqueue.o(i.osPriqueueInit) refers to los_priqueue.o(.data) for g_pstLosPriorityQueueList
    los_swtmr.o(i.LOS_SwtmrCreate) refers to los_dispatch_keil.o(.text) for LOS_IntLock
    los_swtmr.o(i.LOS_SwtmrCreate) refers to los_swtmr.o(.data) for m_pstSwtmrFreeList
    los_swtmr.o(i.LOS_SwtmrDelete) refers to los_dispatch_keil.o(.text) for LOS_IntLock
    los_swtmr.o(i.LOS_SwtmrDelete) refers to los_swtmr.o(i.osSwtmrStop) for osSwtmrStop
    los_swtmr.o(i.LOS_SwtmrDelete) refers to los_swtmr.o(i.osSwtmrDelete) for osSwtmrDelete
    los_swtmr.o(i.LOS_SwtmrDelete) refers to los_swtmr.o(.data) for m_pstSwtmrCBArray
    los_swtmr.o(i.LOS_SwtmrStart) refers to los_dispatch_keil.o(.text) for LOS_IntLock
    los_swtmr.o(i.LOS_SwtmrStart) refers to los_swtmr.o(i.osSwtmrStop) for osSwtmrStop
    los_swtmr.o(i.LOS_SwtmrStart) refers to los_swtmr.o(i.osSwTmrStart) for osSwTmrStart
    los_swtmr.o(i.LOS_SwtmrStart) refers to los_swtmr.o(.data) for m_pstSwtmrCBArray
    los_swtmr.o(i.LOS_SwtmrStop) refers to los_dispatch_keil.o(.text) for LOS_IntLock
    los_swtmr.o(i.LOS_SwtmrStop) refers to los_swtmr.o(i.osSwtmrStop) for osSwtmrStop
    los_swtmr.o(i.LOS_SwtmrStop) refers to los_swtmr.o(.data) for m_pstSwtmrCBArray
    los_swtmr.o(i.osSwTmrAdjust) refers to los_swtmr.o(i.osSwTmrTimeoutHandle) for osSwTmrTimeoutHandle
    los_swtmr.o(i.osSwTmrAdjust) refers to los_swtmr.o(.data) for m_pstSwtmrSortList
    los_swtmr.o(i.osSwTmrGetNextTimeout) refers to los_swtmr.o(.data) for m_pstSwtmrSortList
    los_swtmr.o(i.osSwTmrInit) refers to los_memory.o(i.LOS_MemAlloc) for LOS_MemAlloc
    los_swtmr.o(i.osSwTmrInit) refers to memseta.o(.text) for __aeabi_memclr4
    los_swtmr.o(i.osSwTmrInit) refers to los_membox.o(i.LOS_MemboxInit) for LOS_MemboxInit
    los_swtmr.o(i.osSwTmrInit) refers to los_queue.o(i.LOS_QueueCreate) for LOS_QueueCreate
    los_swtmr.o(i.osSwTmrInit) refers to los_swtmr.o(i.osSwTmrTaskCreate) for osSwTmrTaskCreate
    los_swtmr.o(i.osSwTmrInit) refers to los_swtmr.o(.data) for m_pstSwtmrSortList
    los_swtmr.o(i.osSwTmrInit) refers to los_config.o(.data) for m_aucSysMem0
    los_swtmr.o(i.osSwTmrInit) refers to los_swtmr.o(.bss) for m_aucSwTmrHandlerPool
    los_swtmr.o(i.osSwTmrStart) refers to los_swtmr.o(.data) for m_pstSwtmrSortList
    los_swtmr.o(i.osSwTmrTask) refers to los_queue.o(i.LOS_QueueRead) for LOS_QueueRead
    los_swtmr.o(i.osSwTmrTask) refers to los_membox.o(i.LOS_MemboxFree) for LOS_MemboxFree
    los_swtmr.o(i.osSwTmrTask) refers to los_swtmr.o(.data) for m_uwSwTmrHandlerQueue
    los_swtmr.o(i.osSwTmrTask) refers to los_swtmr.o(.bss) for m_aucSwTmrHandlerPool
    los_swtmr.o(i.osSwTmrTaskCreate) refers to memseta.o(.text) for __aeabi_memclr4
    los_swtmr.o(i.osSwTmrTaskCreate) refers to los_task.o(i.LOS_TaskCreate) for LOS_TaskCreate
    los_swtmr.o(i.osSwTmrTaskCreate) refers to los_swtmr.o(i.osSwTmrTask) for osSwTmrTask
    los_swtmr.o(i.osSwTmrTaskCreate) refers to los_task.o(.data) for g_uwSwtmrTaskID
    los_swtmr.o(i.osSwTmrTimeoutHandle) refers to los_membox.o(i.LOS_MemboxAlloc) for LOS_MemboxAlloc
    los_swtmr.o(i.osSwTmrTimeoutHandle) refers to los_queue.o(i.LOS_QueueWrite) for LOS_QueueWrite
    los_swtmr.o(i.osSwTmrTimeoutHandle) refers to los_membox.o(i.LOS_MemboxFree) for LOS_MemboxFree
    los_swtmr.o(i.osSwTmrTimeoutHandle) refers to los_swtmr.o(i.osSwtmrDelete) for osSwtmrDelete
    los_swtmr.o(i.osSwTmrTimeoutHandle) refers to los_swtmr.o(i.osSwTmrStart) for osSwTmrStart
    los_swtmr.o(i.osSwTmrTimeoutHandle) refers to los_swtmr.o(.data) for m_pstSwtmrSortList
    los_swtmr.o(i.osSwTmrTimeoutHandle) refers to los_swtmr.o(.bss) for m_aucSwTmrHandlerPool
    los_swtmr.o(i.osSwtmrDelete) refers to los_swtmr.o(.data) for m_pstSwtmrFreeList
    los_swtmr.o(i.osSwtmrScan) refers to los_swtmr.o(i.osSwTmrTimeoutHandle) for osSwTmrTimeoutHandle
    los_swtmr.o(i.osSwtmrScan) refers to los_swtmr.o(.data) for m_pstSwtmrSortList
    los_swtmr.o(i.osSwtmrStop) refers to los_swtmr.o(.data) for m_pstSwtmrSortList
    los_sys.o(i.LOS_MS2Tick) refers to uldiv.o(.text) for __aeabi_uldivmod
[...]
    i.LOS_Schedule                           0x08003e68   Section        0  los_hw.o(i.LOS_Schedule)
    i.LOS_SemCreate                          0x08003ea8   Section        0  los_sem.o(i.LOS_SemCreate)
    i.LOS_SemDelete                          0x08003f14   Section        0  los_sem.o(i.LOS_SemDelete)
    i.LOS_SemPend                            0x08003f74   Section        0  los_sem.o(i.LOS_SemPend)
    i.LOS_SemPost                            0x08004074   Section        0  los_sem.o(i.LOS_SemPost)
    i.LOS_SetTickSycle                       0x0800412c   Section        0  los_hw_tick.o(i.LOS_SetTickSycle)
    i.LOS_Start                              0x08004138   Section        0  los_config.o(i.LOS_Start)
    i.LOS_SwtmrCreate                        0x08004144   Section        0  los_swtmr.o(i.LOS_SwtmrCreate)
    i.LOS_SwtmrDelete                        0x080041d0   Section        0  los_swtmr.o(i.LOS_SwtmrDelete)
    i.LOS_SwtmrStart                         0x08004254   Section        0  los_swtmr.o(i.LOS_SwtmrStart)
    i.LOS_SwtmrStop                          0x080042d8   Section        0  los_swtmr.o(i.LOS_SwtmrStop)
    i.LOS_TaskCreate                         0x08004358   Section        0  los_task.o(i.LOS_TaskCreate)
    i.LOS_TaskCreateOnly                     0x080043f4   Section        0  los_task.o(i.LOS_TaskCreateOnly)
    i.LOS_TaskDelay                          0x08004578   Section        0  los_task.o(i.LOS_TaskDelay)
    i.LOS_TaskDelete                         0x080045f8   Section        0  los_task.o(i.LOS_TaskDelete)
    i.LOS_TaskLock                           0x08004760   Section        0  los_task.o(i.LOS_TaskLock)
    i.LOS_TaskResume                         0x08004780   Section        0  los_task.o(i.LOS_TaskResume)
    i.LOS_TaskSuspend                        0x08004830   Section        0  los_task.o(i.LOS_TaskSuspend)
    i.LOS_TaskUnlock                         0x08004914   Section        0  los_task.o(i.LOS_TaskUnlock)
    i.LOS_TaskYield                          0x08004950   Section        0  los_task.o(i.LOS_TaskYield)
    i.LOS_TickCountGet                       0x080049d4   Section        0  los_sys.o(i.LOS_TickCountGet)
    i.LOS_TickHandler                        0x080049e0   Section        0  los_hw_tick.o(i.LOS_TickHandler)
    i.LosAdapIntInit                         0x08004a18   Section        0  los_bsp_adapter.o(i.LosAdapIntInit)
    i.MemManage_Handler                      0x08004a1a   Section        0  stm32f4xx_it.o(i.MemManage_Handler)
    i.NMI_Handler                            0x08004a1e   Section        0  stm32f4xx_it.o(i.NMI_Handler)
    i.NVIC_GetPriorityGrouping               0x08004a20   Section        0  stm32f4xx_hal_cortex.o(i.NVIC_GetPriorityGrouping)
    NVIC_GetPriorityGrouping                 0x08004a21   Thumb Code    10  stm32f4xx_hal_cortex.o(i.NVIC_GetPriorityGrouping)
    i.NVIC_SetPriority                       0x08004a30   Section        0  stm32f4xx_hal_cortex.o(i.NVIC_SetPriority)
    NVIC_SetPriority                         0x08004a31   Thumb Code    32  stm32f4xx_hal_cortex.o(i.NVIC_SetPriority)
    i.SVC_Handler                            0x08004a58   Section        0  stm32f4xx_it.o(i.SVC_Handler)
    i.SysTick_Handler                        0x08004a5a   Section        0  los_bsp_adapter.o(i.SysTick_Handler)
    i.SystemClock_Config                     0x08004a68   Section        0  main.o(i.SystemClock_Config)
    SystemClock_Config                       0x08004a69   Thumb Code   158  main.o(i.SystemClock_Config)
    i.SystemInit                             0x08004b10   Section        0  system_stm32f4xx.o(i.SystemInit)
    i.Timer1_Callback                        0x08004b74   Section        0  los_api_timer.o(i.Timer1_Callback)
    i.Timer2_Callback                        0x08004bc4   Section        0  los_api_timer.o(i.Timer2_Callback)
    i.UART_SetConfig                         0x08004c1c   Section        0  stm32f4xx_hal_uart.o(i.UART_SetConfig)
    UART_SetConfig                           0x08004c1d   Thumb Code   864  stm32f4xx_hal_uart.o(i.UART_SetConfig)
    i.UART_WaitOnFlagUntilTimeout            0x08004f84   Section        0  stm32f4xx_hal_uart.o(i.UART_WaitOnFlagUntilTimeout)
    UART_WaitOnFlagUntilTimeout              0x08004f85   Thumb Code   108  stm32f4xx_hal_uart.o(i.UART_WaitOnFlagUntilTimeout)
    i.UsageFault_Handler                     0x08004ff0   Section        0  stm32f4xx_it.o(i.UsageFault_Handler)
    i.__0printf                              0x08004ff4   Section        0  printfa.o(i.__0printf)
    i.__scatterload_copy                     0x08005014   Section       14  handlers.o(i.__scatterload_copy)
    i.__scatterload_null                     0x08005022   Section        2  handlers.o(i.__scatterload_null)
    i.__scatterload_zeroinit                 0x08005024   Section       14  handlers.o(i.__scatterload_zeroinit)
    i._fp_digits                             0x08005034   Section        0  printfa.o(i._fp_digits)
    _fp_digits                               0x08005035   Thumb Code   334  printfa.o(i._fp_digits)
    i._printf_core                           0x08005198   Section        0  printfa.o(i._printf_core)
    _printf_core                             0x08005199   Thumb Code  1744  printfa.o(i._printf_core)
    i._printf_post_padding                   0x08005874   Section        0  printfa.o(i._printf_post_padding)
    _printf_post_padding                     0x08005875   Thumb Code    36  printfa.o(i._printf_post_padding)
    i._printf_pre_padding                    0x08005898   Section        0  printfa.o(i._printf_pre_padding)
    _printf_pre_padding                      0x08005899   Thumb Code    46  printfa.o(i._printf_pre_padding)
    i.fputc                                  0x080058c6   Section        0  los_bsp_uart.o(i.fputc)
    i.free                                   0x080058d8   Section        0  malloc.o(i.free)
    i.main                                   0x08005928   Section        0  main.o(i.main)
    i.osHwiDefaultHandler                    0x0800596a   Section        0  los_hwi.o(i.osHwiDefaultHandler)
    i.osHwiInit                              0x08005974   Section        0  los_hwi.o(i.osHwiInit)
    i.osIdleTask                             0x08005998   Section        0  los_task.o(i.osIdleTask)
    i.osIdleTaskCreate                       0x0800599c   Section        0  los_task.o(i.osIdleTaskCreate)
    i.osIntNumGet                            0x080059e8   Section        0  los_hwi.o(i.osIntNumGet)
    i.osMain                                 0x080059f4   Section        0  los_config.o(i.osMain)
    i.osMemAllocWithCheck                    0x08005a64   Section        0  los_memory.o(i.osMemAllocWithCheck)
    osMemAllocWithCheck                      0x08005a65   Thumb Code    92  los_memory.o(i.osMemAllocWithCheck)
    i.osMemCheckUsedNode                     0x08005ac0   Section        0  los_memory.o(i.osMemCheckUsedNode)
    osMemCheckUsedNode                       0x08005ac1   Thumb Code   152  los_memory.o(i.osMemCheckUsedNode)
    i.osMemFindSuitableFreeBlock             0x08005b58   Section        0  los_memory.o(i.osMemFindSuitableFreeBlock)
    osMemFindSuitableFreeBlock               0x08005b59   Thumb Code    80  los_memory.o(i.osMemFindSuitableFreeBlock)
    i.osMemFreeNode                          0x08005ba8   Section        0  los_memory.o(i.osMemFreeNode)
    osMemFreeNode                            0x08005ba9   Thumb Code   178  los_memory.o(i.osMemFreeNode)
    i.osMemIsNodeValid                       0x08005c5a   Section        0  los_memory.o(i.osMemIsNodeValid)
    osMemIsNodeValid                         0x08005c5b   Thumb Code    62  los_memory.o(i.osMemIsNodeValid)
    i.osMemMergeNode                         0x08005c98   Section        0  los_memory.o(i.osMemMergeNode)
    osMemMergeNode                           0x08005c99   Thumb Code    36  los_memory.o(i.osMemMergeNode)
    i.osMemSetMagicNumAndTaskid              0x08005cbc   Section        0  los_memory.o(i.osMemSetMagicNumAndTaskid)
    osMemSetMagicNumAndTaskid                0x08005cbd   Thumb Code    28  los_memory.o(i.osMemSetMagicNumAndTaskid)
    i.osMemSpitNode                          0x08005cdc   Section        0  los_memory.o(i.osMemSpitNode)
    osMemSpitNode                            0x08005cdd   Thumb Code    92  los_memory.o(i.osMemSpitNode)
    i.osMemSystemInit                        0x08005d38   Section        0  los_memory.o(i.osMemSystemInit)
    i.osMuxInit                              0x08005d5c   Section        0  los_mux.o(i.osMuxInit)
    i.osPriqueueInit                         0x08005db8   Section        0  los_priqueue.o(i.osPriqueueInit)
    i.osQueueCreate                          0x08005e00   Section        0  los_queue.o(i.osQueueCreate)
    i.osQueueInit                            0x08005e70   Section        0  los_queue.o(i.osQueueInit)
    i.osQueuePend                            0x08005ea8   Section        0  los_queue.o(i.osQueuePend)
    osQueuePend                              0x08005ea9   Thumb Code   132  los_queue.o(i.osQueuePend)
    i.osQueueWakeUp                          0x08005f2c   Section        0  los_queue.o(i.osQueueWakeUp)
    osQueueWakeUp                            0x08005f2d   Thumb Code    90  los_queue.o(i.osQueueWakeUp)
    i.osRegister                             0x08005f88   Section        0  los_config.o(i.osRegister)
    i.osSchedule                             0x08005fa4   Section        0  los_hw.o(i.osSchedule)
    i.osSemInit                              0x08005fac   Section        0  los_sem.o(i.osSemInit)
    i.osSwTmrInit                            0x08006004   Section        0  los_swtmr.o(i.osSwTmrInit)
    i.osSwTmrStart                           0x080060b0   Section        0  los_swtmr.o(i.osSwTmrStart)
    i.osSwTmrTask                            0x08006110   Section        0  los_swtmr.o(i.osSwTmrTask)
    i.osSwTmrTaskCreate                      0x08006160   Section        0  los_swtmr.o(i.osSwTmrTaskCreate)
    i.osSwTmrTimeoutHandle                   0x080061a8   Section        0  los_swtmr.o(i.osSwTmrTimeoutHandle)
    osSwTmrTimeoutHandle                     0x080061a9   Thumb Code   128  los_swtmr.o(i.osSwTmrTimeoutHandle)
    i.osSwtmrDelete                          0x08006234   Section        0  los_swtmr.o(i.osSwtmrDelete)
    osSwtmrDelete                            0x08006235   Thumb Code    16  los_swtmr.o(i.osSwtmrDelete)
    i.osSwtmrScan                            0x08006248   Section        0  los_swtmr.o(i.osSwtmrScan)
    i.osSwtmrStop                            0x0800626c   Section        0  los_swtmr.o(i.osSwtmrStop)
    i.osTaskAdd2TimerList                    0x080062b4   Section        0  los_task.o(i.osTaskAdd2TimerList)
    i.osTaskEntry                            0x08006374   Section        0  los_task.o(i.osTaskEntry)
    i.osTaskExit                             0x08006418   Section        0  los_hw.o(i.osTaskExit)
    i.osTaskInit                             0x08006420   Section        0  los_task.o(i.osTaskInit)
    i.osTaskMemUsedDec                       0x08006548   Section        0  los_memstat.o(i.osTaskMemUsedDec)
    i.osTaskMemUsedInc                       0x0800657c   Section        0  los_memstat.o(i.osTaskMemUsedInc)
    i.osTaskPriModify                        0x080065b8   Section        0  los_task.o(i.osTaskPriModify)
    i.osTaskScan                             0x080065f0   Section        0  los_task.o(i.osTaskScan)
    i.osTaskSelfDelete                       0x080066cc   Section        0  los_task.o(i.osTaskSelfDelete)
    i.osTickHandler                          0x080067c8   Section        0  los_tick.o(i.osTickHandler)
    i.osTickStart                            0x080067f0   Section        0  los_bsp_adapter.o(i.osTickStart)
    i.osTimerListDelete                      0x08006830   Section        0  los_task.o(i.osTimerListDelete)
    i.osTimesliceCheck                       0x08006878   Section        0  los_timeslice.o(i.osTimesliceCheck)
    i.osTimesliceInit                        0x080068c4   Section        0  los_timeslice.o(i.osTimesliceInit)
    i.osTskStackInit                         0x080068d4   Section        0  los_hw.o(i.osTskStackInit)
    i.recv_Entry                             0x08006a14   Section        0  los_api_msgqueue.o(i.recv_Entry)
    i.send_Entry                             0x08006ae0   Section        0  los_api_msgqueue.o(i.send_Entry)
    .constdata                               0x08006b54   Section        9  los_bsp_adapter.o(.constdata)
    .constdata                               0x08006b5d   Section       24  system_stm32f4xx.o(.constdata)
    .conststring                             0x08006b78   Section       66  los_api_sem.o(.conststring)
    .data                                    0x20000000   Section        4  los_priqueue.o(.data)
    .data                                    0x20000004   Section       16  los_swtmr.o(.data)
    .data                                    0x20000014   Section       68  los_task.o(.data)
    .data                                    0x20000058   Section       16  los_tick.o(.data)
    .data                                    0x20000068   Section        8  los_timeslice.o(.data)
    .data                                    0x20000070   Section       12  los_mux.o(.data)
    .data                                    0x2000007c   Section        4  los_queue.o(.data)
    .data                                    0x20000080   Section       12  los_sem.o(.data)
    .data                                    0x2000008c   Section        8  los_config.o(.data)
    .data                                    0x20000094   Section        4  los_hw_tick.o(.data)
    .data                                    0x20000098   Section        4  los_hwi.o(.data)
    .data                                    0x2000009c   Section        4  los_bsp_adapter.o(.data)
    g_ucycle_per_tick                        0x2000009c   Data           4  los_bsp_adapter.o(.data)
    .data                                    0x200000a0   Section        4  main.o(.data)
    g_uwboadTaskID                           0x200000a0   Data           4  main.o(.data)
    .data                                    0x200000a4   Section        4  stm32f4xx_hal.o(.data)
    .data                                    0x200000a8   Section        8  los_api_event.o(.data)
    .data                                    0x200000b0   Section       22  los_api_msgqueue.o(.data)
    g_uwQueue                                0x200000b0   Data           4  los_api_msgqueue.o(.data)
    .data                                    0x200000c8   Section       12  los_api_mutex.o(.data)
    .data                                    0x200000d4   Section       12  los_api_sem.o(.data)
    g_TestTaskID01                           0x200000d4   Data           4  los_api_sem.o(.data)
    g_TestTaskID02                           0x200000d8   Data           4  los_api_sem.o(.data)
    g_usSemID                                0x200000dc   Data           4  los_api_sem.o(.data)
    .data                                    0x200000e0   Section        8  los_api_task.o(.data)
    .data                                    0x200000e8   Section        8  los_api_timer.o(.data)
    .data                                    0x200000f0   Section        4  los_demo_entry.o(.data)
    g_uwDemoTaskID                           0x200000f0   Data           4  los_demo_entry.o(.data)
    .data                                    0x200000f4   Section      168  los_inspect_entry.o(.data)
    gInspectErrCnt                           0x200000f4   Data           4  los_inspect_entry.o(.data)
    g_uwDemoTaskID                           0x200000f8   Data           4  los_inspect_entry.o(.data)
    gInspect                                 0x200000fc   Data         160  los_inspect_entry.o(.data)
    .data                                    0x2000019c   Section        4  system_stm32f4xx.o(.data)
    .data                                    0x200001a0   Section        4  stdout.o(.data)
    .data                                    0x200001a4   Section        4  mvars.o(.data)
    .vector.bss                              0x200001a8   Section     1024  los_hwi.o(.vector.bss)
    .bss                                     0x200005a8   Section      208  los_swtmr.o(.bss)
    .bss                                     0x20000678   Section    32768  los_memory.o(.bss)
    .bss                                     0x20008678   Section       64  los_memstat.o(.bss)
    .bss                                     0x200086b8   Section      192  los_bsp_uart.o(.bss)
    _buffer                                  0x200086f8   Data         128  los_bsp_uart.o(.bss)
    .bss                                     0x20008778   Section       12  los_api_event.o(.bss)
    .bss                                     0x20008784   Section      600  los_api_static_mem.o(.bss)
    STACK                                    0x200089e0   Section     1024  startup_stm32f407xx.o(STACK)

    Global Symbols

    Symbol Name                              Value     Ov Type        Size  Object(Section)

    BuildAttributes$$THM_ISAv4$E$P$D$K$B$S$7EM$VFPi3$EXTD16$VFPS$VFMA$PE$A:L22UL41UL21$X:L11$S22US41US21$IEEE1$IW$USESV6$~STKCKD$USESV7$~SHL$OSPACE$ROPI$EBA8$MICROLIB$REQ8$PRES8$EABIv2 0x00000000   Number         0  anon$$obj.o ABSOLUTE
    __ARM_use_no_argv                        0x00000000   Number         0  main.o ABSOLUTE
    _printf_a                                0x00000000   Number         0  stubs.o ABSOLUTE
    _printf_c                                0x00000000   Number         0  stubs.o ABSOLUTE
    _printf_charcount                        0x00000000   Number         0  stubs.o ABSOLUTE
    _printf_d                                0x00000000   Number         0  stubs.o ABSOLUTE
    _printf_e                                0x00000000   Number         0  stubs.o ABSOLUTE
    _printf_f                                0x00000000   Number         0  stubs.o ABSOLUTE
    _printf_flags                            0x00000000   Number         0  stubs.o ABSOLUTE
    _printf_fp_dec                           0x00000000   Number         0  stubs.o ABSOLUTE
    _printf_fp_hex                           0x00000000   Number         0  stubs.o ABSOLUTE
    _printf_g                                0x00000000   Number         0  stubs.o ABSOLUTE
    _printf_i                                0x00000000   Number         0  stubs.o ABSOLUTE
    _printf_int_dec                          0x00000000   Number         0  stubs.o ABSOLUTE
    _printf_l                                0x00000000   Number         0  stubs.o ABSOLUTE
    _printf_lc                               0x00000000   Number         0  stubs.o ABSOLUTE
    _printf_ll                               0x00000000   Number         0  stubs.o ABSOLUTE
    _printf_lld                              0x00000000   Number         0  stubs.o ABSOLUTE
    _printf_lli                              0x00000000   Number         0  stubs.o ABSOLUTE
    _printf_llo                              0x00000000   Number         0  stubs.o ABSOLUTE
    _printf_llu                              0x00000000   Number         0  stubs.o ABSOLUTE
    _printf_llx                              0x00000000   Number         0  stubs.o ABSOLUTE
    _printf_longlong_dec                     0x00000000   Number         0  stubs.o ABSOLUTE
    _printf_longlong_hex                     0x00000000   Number         0  stubs.o ABSOLUTE
    _printf_longlong_oct                     0x00000000   Number         0  stubs.o ABSOLUTE
    _printf_ls                               0x00000000   Number         0  stubs.o ABSOLUTE
    _printf_mbtowc                           0x00000000   Number         0  stubs.o ABSOLUTE
    _printf_n                                0x00000000   Number         0  stubs.o ABSOLUTE
    _printf_o                                0x00000000   Number         0  stubs.o ABSOLUTE
    _printf_p                                0x00000000   Number         0  stubs.o ABSOLUTE
    _printf_percent                          0x00000000   Number         0  stubs.o ABSOLUTE
    _printf_pre_padding                      0x00000000   Number         0  stubs.o ABSOLUTE
    _printf_return_value                     0x00000000   Number         0  stubs.o ABSOLUTE
    _printf_s                                0x00000000   Number         0  stubs.o ABSOLUTE
    _printf_sizespec                         0x00000000   Number         0  stubs.o ABSOLUTE
    _printf_str                              0x00000000   Number         0  stubs.o ABSOLUTE
    _printf_truncate_signed                  0x00000000   Number         0  stubs.o ABSOLUTE
    _printf_truncate_unsigned                0x00000000   Number         0  stubs.o ABSOLUTE
    _printf_u                                0x00000000   Number         0  stubs.o ABSOLUTE
    _printf_wc                               0x00000000   Number         0  stubs.o ABSOLUTE
    _printf_wctomb                           0x00000000   Number         0  stubs.o ABSOLUTE
    _printf_widthprec                        0x00000000   Number         0  stubs.o ABSOLUTE
    _printf_x                                0x00000000   Number         0  stubs.o ABSOLUTE
    __cpp_initialize__aeabi_                  - Undefined Weak Reference
    __cxa_finalize                            - Undefined Weak Reference
    _clock_init                               - Undefined Weak Reference
    _microlib_exit                            - Undefined Weak Reference
    __Vectors_Size                           0x00000188   Number         0  startup_stm32f407xx.o ABSOLUTE
    __Vectors                                0x08000000   Data           4  startup_stm32f407xx.o(RESET)
    __Vectors_End                            0x08000188   Data           0  startup_stm32f407xx.o(RESET)
    __main                                   0x08000189   Thumb Code     0  entry.o(.ARM.Collect$$$$00000000)
    _main_stk                                0x08000189   Thumb Code     0  entry2.o(.ARM.Collect$$$$00000001)
    _main_scatterload                        0x0800018d   Thumb Code     0  entry5.o(.ARM.Collect$$$$00000004)
    __main_after_scatterload                 0x08000191   Thumb Code     0  entry5.o(.ARM.Collect$$$$00000004)
    _main_clock                              0x08000191   Thumb Code     0  entry7b.o(.ARM.Collect$$$$00000008)
    _main_cpp_init                           0x08000191   Thumb Code     0  entry8b.o(.ARM.Collect$$$$0000000A)
    _main_init                               0x08000191   Thumb Code     0  entry9a.o(.ARM.Collect$$$$0000000B)
    __rt_final_cpp                           0x08000199   Thumb Code     0  entry10a.o(.ARM.Collect$$$$0000000D)
    __rt_final_exit                          0x08000199   Thumb Code     0  entry11a.o(.ARM.Collect$$$$0000000F)
    LOS_StartToRun                           0x0800019d   Thumb Code     0  los_dispatch_keil.o(.text)
    LOS_IntNumGet                            0x080001ed   Thumb Code     0  los_dispatch_keil.o(.text)
    osDisableIRQ                             0x080001f3   Thumb Code     0  los_dispatch_keil.o(.text)
    LOS_IntLock                              0x080001f7   Thumb Code     0  los_dispatch_keil.o(.text)
    LOS_IntUnLock                            0x080001ff   Thumb Code     0  los_dispatch_keil.o(.text)
    LOS_IntRestore                           0x08000207   Thumb Code     0  los_dispatch_keil.o(.text)
    osTaskSchedule                           0x0800020d   Thumb Code     0  los_dispatch_keil.o(.text)
    PendSV_Handler                           0x08000217   Thumb Code     0  los_dispatch_keil.o(.text)
    Reset_Handler                            0x08000289   Thumb Code     8  startup_stm32f407xx.o(.text)
    ADC_IRQHandler                           0x080002a3   Thumb Code     0  startup_stm32f407xx.o(.text)
    CAN1_RX0_IRQHandler                      0x080002a3   Thumb Code     0  startup_stm32f407xx.o(.text)
    CAN1_RX1_IRQHandler                      0x080002a3   Thumb Code     0  startup_stm32f407xx.o(.text)
    CAN1_SCE_IRQHandler                      0x080002a3   Thumb Code     0  startup_stm32f407xx.o(.text)
    CAN1_TX_IRQHandler                       0x080002a3   Thumb Code     0  startup_stm32f407xx.o(.text)
    CAN2_RX0_IRQHandler                      0x080002a3   Thumb Code     0  startup_stm32f407xx.o(.text)
    CAN2_RX1_IRQHandler                      0x080002a3   Thumb Code     0  startup_stm32f407xx.o(.text)
    CAN2_SCE_IRQHandler                      0x080002a3   Thumb Code     0  startup_stm32f407xx.o(.text)
    CAN2_TX_IRQHandler                       0x080002a3   Thumb Code     0  startup_stm32f407xx.o(.text)
    DCMI_IRQHandler                          0x080002a3   Thumb Code     0  startup_stm32f407xx.o(.text)
    DMA1_Stream0_IRQHandler                  0x080002a3   Thumb Code     0  startup_stm32f407xx.o(.text)
    DMA1_Stream1_IRQHandler                  0x080002a3   Thumb Code     0  startup_stm32f407xx.o(.text)
    DMA1_Stream2_IRQHandler                  0x080002a3   Thumb Code     0  startup_stm32f407xx.o(.text)
    DMA1_Stream3_IRQHandler                  0x080002a3   Thumb Code     0  startup_stm32f407xx.o(.text)
    DMA1_Stream4_IRQHandler                  0x080002a3   Thumb Code     0  startup_stm32f407xx.o(.text)
    DMA1_Stream5_IRQHandler                  0x080002a3   Thumb Code     0  startup_stm32f407xx.o(.text)
    DMA1_Stream6_IRQHandler                  0x080002a3   Thumb Code     0  startup_stm32f407xx.o(.text)
    DMA1_Stream7_IRQHandler                  0x080002a3   Thumb Code     0  startup_stm32f407xx.o(.text)
    DMA2_Stream0_IRQHandler                  0x080002a3   Thumb Code     0  startup_stm32f407xx.o(.text)
    DMA2_Stream1_IRQHandler                  0x080002a3   Thumb Code     0  startup_stm32f407xx.o(.text)
    DMA2_Stream2_IRQHandler                  0x080002a3   Thumb Code     0  startup_stm32f407xx.o(.text)
    DMA2_Stream3_IRQHandler                  0x080002a3   Thumb Code     0  startup_stm32f407xx.o(.text)
    DMA2_Stream4_IRQHandler                  0x080002a3   Thumb Code     0  startup_stm32f407xx.o(.text)
    DMA2_Stream5_IRQHandler                  0x080002a3   Thumb Code     0  startup_stm32f407xx.o(.text)
    DMA2_Stream6_IRQHandler                  0x080002a3   Thumb Code     0  startup_stm32f407xx.o(.text)
    DMA2_Stream7_IRQHandler                  0x080002a3   Thumb Code     0  startup_stm32f407xx.o(.text)
    ETH_IRQHandler                           0x080002a3   Thumb Code     0  startup_stm32f407xx.o(.text)
    ETH_WKUP_IRQHandler                      0x080002a3   Thumb Code     0  startup_stm32f407xx.o(.text)
    EXTI0_IRQHandler                         0x080002a3   Thumb Code     0  startup_stm32f407xx.o(.text)
    EXTI15_10_IRQHandler                     0x080002a3   Thumb Code     0  startup_stm32f407xx.o(.text)
    EXTI1_IRQHandler                         0x080002a3   Thumb Code     0  startup_stm32f407xx.o(.text)
    EXTI2_IRQHandler                         0x080002a3   Thumb Code     0  startup_stm32f407xx.o(.text)
    EXTI3_IRQHandler                         0x080002a3   Thumb Code     0  startup_stm32f407xx.o(.text)
    EXTI4_IRQHandler                         0x080002a3   Thumb Code     0  startup_stm32f407xx.o(.text)
    EXTI9_5_IRQHandler                       0x080002a3   Thumb Code     0  startup_stm32f407xx.o(.text)
    FLASH_IRQHandler                         0x080002a3   Thumb Code     0  startup_stm32f407xx.o(.text)
    FMC_IRQHandler                           0x080002a3   Thumb Code     0  startup_stm32f407xx.o(.text)
    FPU_IRQHandler                           0x080002a3   Thumb Code     0  startup_stm32f407xx.o(.text)
    HASH_RNG_IRQHandler                      0x080002a3   Thumb Code     0  startup_stm32f407xx.o(.text)
    I2C1_ER_IRQHandler                       0x080002a3   Thumb Code     0  startup_stm32f407xx.o(.text)
    I2C1_EV_IRQHandler                       0x080002a3   Thumb Code     0  startup_stm32f407xx.o(.text)
    I2C2_ER_IRQHandler                       0x080002a3   Thumb Code     0  startup_stm32f407xx.o(.text)
    I2C2_EV_IRQHandler                       0x080002a3   Thumb Code     0  startup_stm32f407xx.o(.text)
    I2C3_ER_IRQHandler                       0x080002a3   Thumb Code     0  startup_stm32f407xx.o(.text)
    I2C3_EV_IRQHandler                       0x080002a3   Thumb Code     0  startup_stm32f407xx.o(.text)
    OTG_FS_IRQHandler                        0x080002a3   Thumb Code     0  startup_stm32f407xx.o(.text)
    OTG_FS_WKUP_IRQHandler                   0x080002a3   Thumb Code     0  startup_stm32f407xx.o(.text)
    OTG_HS_EP1_IN_IRQHandler                 0x080002a3   Thumb Code     0  startup_stm32f407xx.o(.text)
    OTG_HS_EP1_OUT_IRQHandler                0x080002a3   Thumb Code     0  startup_stm32f407xx.o(.text)
    OTG_HS_IRQHandler                        0x080002a3   Thumb Code     0  startup_stm32f407xx.o(.text)
    OTG_HS_WKUP_IRQHandler                   0x080002a3   Thumb Code     0  startup_stm32f407xx.o(.text)
    PVD_IRQHandler                           0x080002a3   Thumb Code     0  startup_stm32f407xx.o(.text)
    RCC_IRQHandler                           0x080002a3   Thumb Code     0  startup_stm32f407xx.o(.text)
    RTC_Alarm_IRQHandler                     0x080002a3   Thumb Code     0  startup_stm32f407xx.o(.text)
    RTC_WKUP_IRQHandler                      0x080002a3   Thumb Code     0  startup_stm32f407xx.o(.text)
    SDIO_IRQHandler                          0x080002a3   Thumb Code     0  startup_stm32f407xx.o(.text)
    SPI1_IRQHandler                          0x080002a3   Thumb Code     0  startup_stm32f407xx.o(.text)
    SPI2_IRQHandler                          0x080002a3   Thumb Code     0  startup_stm32f407xx.o(.text)
    SPI3_IRQHandler                          0x080002a3   Thumb Code     0  startup_stm32f407xx.o(.text)
    TAMP_STAMP_IRQHandler                    0x080002a3   Thumb Code     0  startup_stm32f407xx.o(.text)
    TIM1_BRK_TIM9_IRQHandler                 0x080002a3   Thumb Code     0  startup_stm32f407xx.o(.text)
    TIM1_CC_IRQHandler                       0x080002a3   Thumb Code     0  startup_stm32f407xx.o(.text)
    TIM1_TRG_COM_TIM11_IRQHandler            0x080002a3   Thumb Code     0  startup_stm32f407xx.o(.text)
    TIM1_UP_TIM10_IRQHandler                 0x080002a3   Thumb Code     0  startup_stm32f407xx.o(.text)
    TIM2_IRQHandler                          0x080002a3   Thumb Code     0  startup_stm32f407xx.o(.text)
    TIM3_IRQHandler                          0x080002a3   Thumb Code     0  startup_stm32f407xx.o(.text)
    TIM4_IRQHandler                          0x080002a3   Thumb Code     0  startup_stm32f407xx.o(.text)
    TIM5_IRQHandler                          0x080002a3   Thumb Code     0  startup_stm32f407xx.o(.text)
    TIM6_DAC_IRQHandler                      0x080002a3   Thumb Code     0  startup_stm32f407xx.o(.text)
    TIM7_IRQHandler                          0x080002a3   Thumb Code     0  startup_stm32f407xx.o(.text)
    TIM8_BRK_TIM12_IRQHandler                0x080002a3   Thumb Code     0  startup_stm32f407xx.o(.text)
    TIM8_CC_IRQHandler                       0x080002a3   Thumb Code     0  startup_stm32f407xx.o(.text)
    TIM8_TRG_COM_TIM14_IRQHandler            0x080002a3   Thumb Code     0  startup_stm32f407xx.o(.text)
    TIM8_UP_TIM13_IRQHandler                 0x080002a3   Thumb Code     0  startup_stm32f407xx.o(.text)
    UART4_IRQHandler                         0x080002a3   Thumb Code     0  startup_stm32f407xx.o(.text)
    UART5_IRQHandler                         0x080002a3   Thumb Code     0  startup_stm32f407xx.o(.text)
    USART1_IRQHandler                        0x080002a3   Thumb Code     0  startup_stm32f407xx.o(.text)
    USART2_IRQHandler                        0x080002a3   Thumb Code     0  startup_stm32f407xx.o(.text)
    USART3_IRQHandler                        0x080002a3   Thumb Code     0  startup_stm32f407xx.o(.text)
    USART6_IRQHandler                        0x080002a3   Thumb Code     0  startup_stm32f407xx.o(.text)
    WWDG_IRQHandler                          0x080002a3   Thumb Code     0  startup_stm32f407xx.o(.text)
    __aeabi_uldivmod                         0x080002ad   Thumb Code    98  uldiv.o(.text)
    __aeabi_memset                           0x0800030f   Thumb Code    14  memseta.o(.text)
    __aeabi_memset4                          0x0800030f   Thumb Code     0  memseta.o(.text)
    __aeabi_memset8                          0x0800030f   Thumb Code     0  memseta.o(.text)
    __aeabi_memclr                           0x0800031d   Thumb Code     4  memseta.o(.text)
    __aeabi_memclr4                          0x0800031d   Thumb Code     0  memseta.o(.text)
    __aeabi_memclr8                          0x0800031d   Thumb Code     0  memseta.o(.text)
    _memset$wrapper                          0x08000321   Thumb Code    18  memseta.o(.text)
    __aeabi_ddiv                             0x08000333   Thumb Code   222  ddiv.o(.text)
    __aeabi_d2ulz                            0x08000411   Thumb Code    48  dfixul.o(.text)
    __aeabi_uidiv                            0x08000441   Thumb Code     0  uidiv.o(.text)
    __aeabi_uidivmod                         0x08000441   Thumb Code    44  uidiv.o(.text)
    __aeabi_llsl                             0x0800046d   Thumb Code    30  llshl.o(.text)
    _ll_shift_l                              0x0800046d   Thumb Code     0  llshl.o(.text)
    __aeabi_llsr                             0x0800048b   Thumb Code    32  llushr.o(.text)
    _ll_ushift_r                             0x0800048b   Thumb Code     0  llushr.o(.text)
    __I$use$fp                               0x080004ab   Thumb Code     0  iusefp.o(.text)
    _double_round                            0x080004ab   Thumb Code    30  depilogue.o(.text)
    _double_epilogue                         0x080004c9   Thumb Code   156  depilogue.o(.text)
    __aeabi_dadd                             0x08000565   Thumb Code   322  dadd.o(.text)
    __aeabi_dsub                             0x080006a7   Thumb Code     6  dadd.o(.text)
    __aeabi_drsub                            0x080006ad   Thumb Code     6  dadd.o(.text)
    __aeabi_dmul                             0x080006b3   Thumb Code   228  dmul.o(.text)
    __aeabi_cdrcmple                         0x08000799   Thumb Code    48  cdrcmple.o(.text)
    __scatterload                            0x080007c9   Thumb Code    28  init.o(.text)
    __scatterload_rt2                        0x080007c9   Thumb Code     0  init.o(.text)
    __aeabi_lasr                             0x080007ed   Thumb Code    36  llsshr.o(.text)
    _ll_sshift_r                             0x080007ed   Thumb Code     0  llsshr.o(.text)
    __decompress                             0x08000811   Thumb Code     0  __dczerorl2.o(.text)
    __decompress1                            0x08000811   Thumb Code    86  __dczerorl2.o(.text)
    BSP_PB_Init                              0x08000869   Thumb Code   110  los_bsp_key.o(i.BSP_PB_Init)
    BusFault_Handler                         0x080008e5   Thumb Code     4  stm32f4xx_it.o(i.BusFault_Handler)
    DebugMon_Handler                         0x080008e9   Thumb Code     2  stm32f4xx_it.o(i.DebugMon_Handler)
    Error_Handler                            0x080008ed   Thumb Code    14  los_bsp_uart.o(i.Error_Handler)
    Example_Dyn_Mem                          0x08000915   Thumb Code   134  los_api_dynamic_mem.o(i.Example_Dyn_Mem)
    Example_Event                            0x08000a25   Thumb Code    62  los_api_event.o(i.Example_Event)
    Example_GetTick                          0x08000acd   Thumb Code   126  los_api_systick.o(i.Example_GetTick)
    Example_MsgQueue                         0x08000ba5   Thumb Code   130  los_api_msgqueue.o(i.Example_MsgQueue)
    Example_MutexLock                        0x08000cc5   Thumb Code   184  los_api_mutex.o(i.Example_MutexLock)
    Example_MutexTask1                       0x08000e09   Thumb Code    94  los_api_mutex.o(i.Example_MutexTask1)
    Example_MutexTask2                       0x08000f21   Thumb Code    62  los_api_mutex.o(i.Example_MutexTask2)
    Example_SemTask1                         0x08001005   Thumb Code    88  los_api_sem.o(i.Example_SemTask1)
    Example_SemTask2                         0x080010e5   Thumb Code    52  los_api_sem.o(i.Example_SemTask2)
    Example_Semphore                         0x080011bd   Thumb Code   204  los_api_sem.o(i.Example_Semphore)
    Example_SndRcvEvent                      0x08001315   Thumb Code   162  los_api_event.o(i.Example_SndRcvEvent)
    Example_StaticMem                        0x08001469   Thumb Code   144  los_api_static_mem.o(i.Example_StaticMem)
    Example_TaskHi                           0x080015ad   Thumb Code   102  los_api_task.o(i.Example_TaskHi)
    Example_TaskLo                           0x080016c1   Thumb Code    88  los_api_task.o(i.Example_TaskLo)
    Example_TskCaseEntry                     0x080017a5   Thumb Code   152  los_api_task.o(i.Example_TskCaseEntry)
    Example_list                             0x08001921   Thumb Code   232  los_api_list.o(i.Example_list)
    Example_swTimer                          0x08001ab5   Thumb Code   148  los_api_timer.o(i.Example_swTimer)
    HAL_GPIO_Init                            0x08001bbd   Thumb Code   466  stm32f4xx_hal_gpio.o(i.HAL_GPIO_Init)
    HAL_GPIO_ReadPin                         0x08001dbd   Thumb Code    16  stm32f4xx_hal_gpio.o(i.HAL_GPIO_ReadPin)
    HAL_GPIO_WritePin                        0x08001dcd   Thumb Code    12  stm32f4xx_hal_gpio.o(i.HAL_GPIO_WritePin)
    HAL_GetTick                              0x08001dd9   Thumb Code     6  stm32f4xx_hal.o(i.HAL_GetTick)
    HAL_IncTick                              0x08001de5   Thumb Code    12  stm32f4xx_hal.o(i.HAL_IncTick)
    HAL_Init                                 0x08001df5   Thumb Code    54  stm32f4xx_hal.o(i.HAL_Init)
    HAL_InitTick                             0x08001e31   Thumb Code    36  stm32f4xx_hal.o(i.HAL_InitTick)
    HAL_MspInit                              0x08001e59   Thumb Code     2  stm32f4xx_hal.o(i.HAL_MspInit)
    HAL_NVIC_EnableIRQ                       0x08001e5b   Thumb Code    26  stm32f4xx_hal_cortex.o(i.HAL_NVIC_EnableIRQ)
    HAL_NVIC_SetPriority                     0x08001e75   Thumb Code   124  stm32f4xx_hal_cortex.o(i.HAL_NVIC_SetPriority)
    HAL_NVIC_SetPriorityGrouping             0x08001ef1   Thumb Code    32  stm32f4xx_hal_cortex.o(i.HAL_NVIC_SetPriorityGrouping)
    HAL_RCC_ClockConfig                      0x08001f19   Thumb Code   446  stm32f4xx_hal_rcc.o(i.HAL_RCC_ClockConfig)
    HAL_RCC_GetHCLKFreq                      0x080020e9   Thumb Code     6  stm32f4xx_hal_rcc.o(i.HAL_RCC_GetHCLKFreq)
    HAL_RCC_GetPCLK1Freq                     0x080020f5   Thumb Code    36  stm32f4xx_hal_rcc.o(i.HAL_RCC_GetPCLK1Freq)
    HAL_RCC_GetPCLK2Freq                     0x08002121   Thumb Code    36  stm32f4xx_hal_rcc.o(i.HAL_RCC_GetPCLK2Freq)
    HAL_RCC_GetSysClockFreq                  0x0800214d   Thumb Code   168  stm32f4xx_hal_rcc.o(i.HAL_RCC_GetSysClockFreq)
    HAL_RCC_OscConfig                        0x08002201   Thumb Code  1090  stm32f4xx_hal_rcc.o(i.HAL_RCC_OscConfig)
    HAL_SYSTICK_Config                       0x0800264d   Thumb Code    52  stm32f4xx_hal_cortex.o(i.HAL_SYSTICK_Config)
    HAL_UART_Init                            0x08002681   Thumb Code   114  stm32f4xx_hal_uart.o(i.HAL_UART_Init)
    HAL_UART_MspInit                         0x080026f5   Thumb Code   152  stm32f4xx_hal_msp.o(i.HAL_UART_MspInit)
    HAL_UART_Transmit                        0x08002795   Thumb Code   214  stm32f4xx_hal_uart.o(i.HAL_UART_Transmit)
    HardFault_Handler                        0x0800286b   Thumb Code     4  stm32f4xx_it.o(i.HardFault_Handler)
    LOS_Align                                0x0800286f   Thumb Code    28  los_misc.o(i.LOS_Align)
    LOS_BoadExampleEntry                     0x0800288d   Thumb Code    52  main.o(i.LOS_BoadExampleEntry)
    LOS_BoadExampleTskfunc                   0x080028d5   Thumb Code    42  main.o(i.LOS_BoadExampleTskfunc)
    LOS_CyclePerTickGet                      0x0800290d   Thumb Code     6  los_sys.o(i.LOS_CyclePerTickGet)
    LOS_DLnkInitMultiHead                    0x08002913   Thumb Code    30  los_multipledlinkhead.o(i.LOS_DLnkInitMultiHead)
    LOS_DLnkMultiHead                        0x08002931   Thumb Code    42  los_multipledlinkhead.o(i.LOS_DLnkMultiHead)
    LOS_Demo_Entry                           0x0800295d   Thumb Code    58  los_demo_entry.o(i.LOS_Demo_Entry)
    LOS_Demo_Tskfunc                         0x080029cd   Thumb Code    10  los_demo_entry.o(i.LOS_Demo_Tskfunc)
    LOS_EnableTick                           0x080029d7   Thumb Code    18  los_config.o(i.LOS_EnableTick)
    LOS_EvbGetKeyVal                         0x080029e9   Thumb Code    30  los_bsp_key.o(i.LOS_EvbGetKeyVal)
    LOS_EvbKeyInit                           0x08002a0d   Thumb Code    12  los_bsp_key.o(i.LOS_EvbKeyInit)
    LOS_EvbLedControl                        0x08002a19   Thumb Code    86  los_bsp_led.o(i.LOS_EvbLedControl)
    LOS_EvbLedInit                           0x08002a75   Thumb Code    78  los_bsp_led.o(i.LOS_EvbLedInit)
    LOS_EvbSetup                             0x08002acd   Thumb Code    16  los_bsp_adapter.o(i.LOS_EvbSetup)
    LOS_EvbUartInit                          0x08002add   Thumb Code    46  los_bsp_uart.o(i.LOS_EvbUartInit)
    LOS_EvbUartWriteByte                     0x08002b15   Thumb Code    18  los_bsp_uart.o(i.LOS_EvbUartWriteByte)
    LOS_EvbUartWriteStr                      0x08002b2d   Thumb Code    36  los_bsp_uart.o(i.LOS_EvbUartWriteStr)
    LOS_EventClear                           0x08002b55   Thumb Code    34  los_event.o(i.LOS_EventClear)
    LOS_EventInit                            0x08002b7d   Thumb Code    24  los_event.o(i.LOS_EventInit)
    LOS_EventPoll                            0x08002b99   Thumb Code    80  los_event.o(i.LOS_EventPoll)
    LOS_EventRead                            0x08002be9   Thumb Code   330  los_event.o(i.LOS_EventRead)
    LOS_EventWrite                           0x08002d45   Thumb Code   244  los_event.o(i.LOS_EventWrite)
    LOS_InspectByID                          0x08002e3d   Thumb Code   204  los_inspect_entry.o(i.LOS_InspectByID)
    LOS_InspectStatusSetByID                 0x08002fa1   Thumb Code    64  los_inspect_entry.o(i.LOS_InspectStatusSetByID)
    LOS_Inspect_Entry                        0x08003001   Thumb Code    52  los_inspect_entry.o(i.LOS_Inspect_Entry)
    LOS_Inspect_TskDeal                      0x080030ad   Thumb Code    80  los_inspect_entry.o(i.LOS_Inspect_TskDeal)
    LOS_KernelInit                           0x08003179   Thumb Code    18  los_config.o(i.LOS_KernelInit)
    LOS_MemAlloc                             0x080033fd   Thumb Code    58  los_memory.o(i.LOS_MemAlloc)
    LOS_MemAllocAlign                        0x08003437   Thumb Code   108  los_memory.o(i.LOS_MemAllocAlign)
    LOS_MemFree                              0x080034a3   Thumb Code    84  los_memory.o(i.LOS_MemFree)
    LOS_MemInit                              0x080034f7   Thumb Code   166  los_memory.o(i.LOS_MemInit)
    LOS_MemboxAlloc                          0x0800359d   Thumb Code    60  los_membox.o(i.LOS_MemboxAlloc)
    LOS_MemboxClr                            0x080035dd   Thumb Code    28  los_membox.o(i.LOS_MemboxClr)
    LOS_MemboxFree                           0x080035f9   Thumb Code   158  los_membox.o(i.LOS_MemboxFree)
    LOS_MemboxInit                           0x0800369d   Thumb Code   128  los_membox.o(i.LOS_MemboxInit)
    LOS_MuxCreate                            0x0800371d   Thumb Code    90  los_mux.o(i.LOS_MuxCreate)
    LOS_MuxDelete                            0x08003781   Thumb Code    90  los_mux.o(i.LOS_MuxDelete)
    LOS_MuxPend                              0x080037e9   Thumb Code   308  los_mux.o(i.LOS_MuxPend)
    LOS_MuxPost                              0x08003931   Thumb Code   238  los_mux.o(i.LOS_MuxPost)
    LOS_PriqueueDequeue                      0x08003a31   Thumb Code    24  los_priqueue.o(i.LOS_PriqueueDequeue)
    LOS_PriqueueEnqueue                      0x08003a49   Thumb Code    32  los_priqueue.o(i.LOS_PriqueueEnqueue)
    LOS_PriqueueSize                         0x08003a6d   Thumb Code    36  los_priqueue.o(i.LOS_PriqueueSize)
    LOS_PriqueueTop                          0x08003a95   Thumb Code    54  los_priqueue.o(i.LOS_PriqueueTop)
    LOS_QueueCreate                          0x08003ad1   Thumb Code   118  los_queue.o(i.LOS_QueueCreate)
    LOS_QueueDelete                          0x08003b4d   Thumb Code   162  los_queue.o(i.LOS_QueueDelete)
    LOS_QueueRead                            0x08003bfd   Thumb Code   282  los_queue.o(i.LOS_QueueRead)
    LOS_QueueWrite                           0x08003d2d   Thumb Code   296  los_queue.o(i.LOS_QueueWrite)
    LOS_Schedule                             0x08003e69   Thumb Code    56  los_hw.o(i.LOS_Schedule)
    LOS_SemCreate                            0x08003ea9   Thumb Code    98  los_sem.o(i.LOS_SemCreate)
    LOS_SemDelete                            0x08003f15   Thumb Code    82  los_sem.o(i.LOS_SemDelete)
    LOS_SemPend                              0x08003f75   Thumb Code   236  los_sem.o(i.LOS_SemPend)
    LOS_SemPost                              0x08004075   Thumb Code   176  los_sem.o(i.LOS_SemPost)
    LOS_SetTickSycle                         0x0800412d   Thumb Code     6  los_hw_tick.o(i.LOS_SetTickSycle)
    LOS_Start                                0x08004139   Thumb Code    12  los_config.o(i.LOS_Start)
    LOS_SwtmrCreate                          0x08004145   Thumb Code   130  los_swtmr.o(i.LOS_SwtmrCreate)
    LOS_SwtmrDelete                          0x080041d1   Thumb Code   122  los_swtmr.o(i.LOS_SwtmrDelete)
    LOS_SwtmrStart                           0x08004255   Thumb Code   122  los_swtmr.o(i.LOS_SwtmrStart)
    LOS_SwtmrStop                            0x080042d9   Thumb Code   120  los_swtmr.o(i.LOS_SwtmrStop)
    LOS_TaskCreate                           0x08004359   Thumb Code   140  los_task.o(i.LOS_TaskCreate)
    LOS_TaskCreateOnly                       0x080043f5   Thumb Code   368  los_task.o(i.LOS_TaskCreateOnly)
    LOS_TaskDelay                            0x08004579   Thumb Code   106  los_task.o(i.LOS_TaskDelay)
    LOS_TaskDelete                           0x080045f9   Thumb Code   320  los_task.o(i.LOS_TaskDelete)
    LOS_TaskLock                             0x08004761   Thumb Code    26  los_task.o(i.LOS_TaskLock)
    LOS_TaskResume                           0x08004781   Thumb Code   158  los_task.o(i.LOS_TaskResume)
    LOS_TaskSuspend                          0x08004831   Thumb Code   196  los_task.o(i.LOS_TaskSuspend)
    LOS_TaskUnlock                           0x08004915   Thumb Code    54  los_task.o(i.LOS_TaskUnlock)
    LOS_TaskYield                            0x08004951   Thumb Code   118  los_task.o(i.LOS_TaskYield)
    LOS_TickCountGet                         0x080049d5   Thumb Code     6  los_sys.o(i.LOS_TickCountGet)
    LOS_TickHandler                          0x080049e1   Thumb Code    52  los_hw_tick.o(i.LOS_TickHandler)
    LosAdapIntInit                           0x08004a19   Thumb Code     2  los_bsp_adapter.o(i.LosAdapIntInit)
    MemManage_Handler                        0x08004a1b   Thumb Code     4  stm32f4xx_it.o(i.MemManage_Handler)
    NMI_Handler                              0x08004a1f   Thumb Code     2  stm32f4xx_it.o(i.NMI_Handler)
    SVC_Handler                              0x08004a59   Thumb Code     2  stm32f4xx_it.o(i.SVC_Handler)
    SysTick_Handler                          0x08004a5b   Thumb Code    12  los_bsp_adapter.o(i.SysTick_Handler)
    SystemInit                               0x08004b11   Thumb Code    82  system_stm32f4xx.o(i.SystemInit)
    Timer1_Callback                          0x08004b75   Thumb Code    40  los_api_timer.o(i.Timer1_Callback)
    Timer2_Callback                          0x08004bc5   Thumb Code    48  los_api_timer.o(i.Timer2_Callback)
    UsageFault_Handler                       0x08004ff1   Thumb Code     4  stm32f4xx_it.o(i.UsageFault_Handler)
    __0printf                                0x08004ff5   Thumb Code    22  printfa.o(i.__0printf)
    __1printf                                0x08004ff5   Thumb Code     0  printfa.o(i.__0printf)
    __2printf                                0x08004ff5   Thumb Code     0  printfa.o(i.__0printf)
    __c89printf                              0x08004ff5   Thumb Code     0  printfa.o(i.__0printf)
    printf                                   0x08004ff5   Thumb Code     0  printfa.o(i.__0printf)
    __scatterload_copy                       0x08005015   Thumb Code    14  handlers.o(i.__scatterload_copy)
    __scatterload_null                       0x08005023   Thumb Code     2  handlers.o(i.__scatterload_null)
    __scatterload_zeroinit                   0x08005025   Thumb Code    14  handlers.o(i.__scatterload_zeroinit)
    fputc                                    0x080058c7   Thumb Code    16  los_bsp_uart.o(i.fputc)
    free                                     0x080058d9   Thumb Code    76  malloc.o(i.free)
    main                                     0x08005929   Thumb Code    66  main.o(i.main)
    osHwiDefaultHandler                      0x0800596b   Thumb Code     8  los_hwi.o(i.osHwiDefaultHandler)
    osHwiInit                                0x08005975   Thumb Code    26  los_hwi.o(i.osHwiInit)
    osIdleTask                               0x08005999   Thumb Code     4  los_task.o(i.osIdleTask)
    osIdleTaskCreate                         0x0800599d   Thumb Code    54  los_task.o(i.osIdleTaskCreate)
    osIntNumGet                              0x080059e9   Thumb Code    12  los_hwi.o(i.osIntNumGet)
    osMain                                   0x080059f5   Thumb Code   108  los_config.o(i.osMain)
    osMemSystemInit                          0x08005d39   Thumb Code    26  los_memory.o(i.osMemSystemInit)
    osMuxInit                                0x08005d5d   Thumb Code    74  los_mux.o(i.osMuxInit)
    osPriqueueInit                           0x08005db9   Thumb Code    64  los_priqueue.o(i.osPriqueueInit)
    osQueueCreate                            0x08005e01   Thumb Code   100  los_queue.o(i.osQueueCreate)
    osQueueInit                              0x08005e71   Thumb Code    44  los_queue.o(i.osQueueInit)
    osRegister                               0x08005f89   Thumb Code    14  los_config.o(i.osRegister)
    osSchedule                               0x08005fa5   Thumb Code     8  los_hw.o(i.osSchedule)
    osSemInit                                0x08005fad   Thumb Code    70  los_sem.o(i.osSemInit)
    osSwTmrInit                              0x08006005   Thumb Code   142  los_swtmr.o(i.osSwTmrInit)
    osSwTmrStart                             0x080060b1   Thumb Code    92  los_swtmr.o(i.osSwTmrStart)
    osSwTmrTask                              0x08006111   Thumb Code    70  los_swtmr.o(i.osSwTmrTask)
    osSwTmrTaskCreate                        0x08006161   Thumb Code    52  los_swtmr.o(i.osSwTmrTaskCreate)
    osSwtmrScan                              0x08006249   Thumb Code    32  los_swtmr.o(i.osSwtmrScan)
    osSwtmrStop                              0x0800626d   Thumb Code    66  los_swtmr.o(i.osSwtmrStop)
    osTaskAdd2TimerList                      0x080062b5   Thumb Code   188  los_task.o(i.osTaskAdd2TimerList)
    osTaskEntry                              0x08006375   Thumb Code   154  los_task.o(i.osTaskEntry)
    osTaskExit                               0x08006419   Thumb Code     8  los_hw.o(i.osTaskExit)
    osTaskInit                               0x08006421   Thumb Code   258  los_task.o(i.osTaskInit)
    osTaskMemUsedDec                         0x08006549   Thumb Code    40  los_memstat.o(i.osTaskMemUsedDec)
    osTaskMemUsedInc                         0x0800657d   Thumb Code    48  los_memstat.o(i.osTaskMemUsedInc)
    osTaskPriModify                          0x080065b9   Thumb Code    56  los_task.o(i.osTaskPriModify)
    osTaskScan                               0x080065f1   Thumb Code   214  los_task.o(i.osTaskScan)
    osTaskSelfDelete                         0x080066cd   Thumb Code   236  los_task.o(i.osTaskSelfDelete)
    osTickHandler                            0x080067c9   Thumb Code    34  los_tick.o(i.osTickHandler)
    osTickStart                              0x080067f1   Thumb Code    54  los_bsp_adapter.o(i.osTickStart)
    osTimerListDelete                        0x08006831   Thumb Code    66  los_task.o(i.osTimerListDelete)
    osTimesliceCheck                         0x08006879   Thumb Code    64  los_timeslice.o(i.osTimesliceCheck)
    osTimesliceInit                          0x080068c5   Thumb Code    12  los_timeslice.o(i.osTimesliceInit)
    osTskStackInit                           0x080068d5   Thumb Code   306  los_hw.o(i.osTskStackInit)
    recv_Entry                               0x08006a15   Thumb Code   120  los_api_msgqueue.o(i.recv_Entry)
    send_Entry                               0x08006ae1   Thumb Code    76  los_api_msgqueue.o(i.send_Entry)
    sys_clk_freq                             0x08006b54   Data           4  los_bsp_adapter.o(.constdata)
    tick_per_second                          0x08006b58   Data           4  los_bsp_adapter.o(.constdata)
    g_use_ram_vect                           0x08006b5c   Data           1  los_bsp_adapter.o(.constdata)
    AHBPrescTable                            0x08006b5d   Data          16  system_stm32f4xx.o(.constdata)
    APBPrescTable                            0x08006b6d   Data           8  system_stm32f4xx.o(.constdata)
    Region$$Table$$Base                      0x08006bbc   Number         0  anon$$obj.o(Region$$Table)
    Region$$Table$$Limit                     0x08006bdc   Number         0  anon$$obj.o(Region$$Table)
    g_pstLosPriorityQueueList                0x20000000   Data           4  los_priqueue.o(.data)
    m_uwSwTmrHandlerQueue                    0x20000004   Data           4  los_swtmr.o(.data)
    m_pstSwtmrCBArray                        0x20000008   Data           4  los_swtmr.o(.data)
    m_pstSwtmrFreeList                       0x2000000c   Data           4  los_swtmr.o(.data)
    m_pstSwtmrSortList                       0x20000010   Data           4  los_swtmr.o(.data)
    g_pstTaskCBArray                         0x20000014   Data           4  los_task.o(.data)
    g_stLosTask                              0x20000018   Data           8  los_task.o(.data)
    g_usLosTaskLock                          0x20000020   Data           2  los_task.o(.data)
    g_uwTskMaxNum                            0x20000024   Data           4  los_task.o(.data)
    g_uwIdleTaskID                           0x20000028   Data           4  los_task.o(.data)
    g_uwSwtmrTaskID                          0x2000002c   Data           4  los_task.o(.data)
    g_stTaskTimerList                        0x20000030   Data           8  los_task.o(.data)
    g_stLosFreeTask                          0x20000038   Data           8  los_task.o(.data)
    g_stTskRecyleList                        0x20000040   Data           8  los_task.o(.data)
    g_stTskSortLink                          0x20000048   Data           8  los_task.o(.data)
    g_bTaskScheduled                         0x20000050   Data           4  los_task.o(.data)
    g_pfnTskSwitchHook                       0x20000054   Data           4  los_task.o(.data)
    g_ullTickCount                           0x20000058   Data           8  los_tick.o(.data)
    g_uwTicksPerSec                          0x20000060   Data           4  los_tick.o(.data)
    g_uwCyclePerSec                          0x20000064   Data           4  los_tick.o(.data)
    g_stTaskTimeSlice                        0x20000068   Data           8  los_timeslice.o(.data)
    g_pstAllMux                              0x20000070   Data           4  los_mux.o(.data)
    g_stUnusedMuxList                        0x20000074   Data           8  los_mux.o(.data)
    g_pstAllQueue                            0x2000007c   Data           4  los_queue.o(.data)
    g_stUnusedSemList                        0x20000080   Data           8  los_sem.o(.data)
    g_pstAllSem                              0x20000088   Data           4  los_sem.o(.data)
    m_aucSysMem0                             0x2000008c   Data           4  los_config.o(.data)
    g_sys_mem_addr_end                       0x20000090   Data           4  los_config.o(.data)
    g_uwCyclesPerTick                        0x20000094   Data           4  los_hw_tick.o(.data)
    g_vuwIntCount                            0x20000098   Data           4  los_hwi.o(.data)
    uwTick                                   0x200000a4   Data           4  stm32f4xx_hal.o(.data)
    g_TestTaskID                             0x200000a8   Data           4  los_api_event.o(.data)
    g_uweventTaskID                          0x200000ac   Data           4  los_api_event.o(.data)
    abuf                                     0x200000b4   Data          18  los_api_msgqueue.o(.data)
    g_Testmux01                              0x200000c8   Data           4  los_api_mutex.o(.data)
    g_TestTaskID01                           0x200000cc   Data           4  los_api_mutex.o(.data)
    g_TestTaskID02                           0x200000d0   Data           4  los_api_mutex.o(.data)
    g_uwTskHiID                              0x200000e0   Data           4  los_api_task.o(.data)
    g_uwTskLoID                              0x200000e4   Data           4  los_api_task.o(.data)
    g_timercount1                            0x200000e8   Data           4  los_api_timer.o(.data)
    g_timercount2                            0x200000ec   Data           4  los_api_timer.o(.data)
    SystemCoreClock                          0x2000019c   Data           4  system_stm32f4xx.o(.data)
    __stdout                                 0x200001a0   Data           4  stdout.o(.data)
    __microlib_freelist                      0x200001a4   Data           4  mvars.o(.data)
    m_pstHwiForm                             0x200001a8   Data        1024  los_hwi.o(.vector.bss)
    m_aucSwTmrHandlerPool                    0x200005a8   Data         208  los_swtmr.o(.bss)
    g_ucMemStart                             0x20000678   Data       32768  los_memory.o(.bss)
    g_TskMemUsedInfo                         0x20008678   Data          64  los_memstat.o(.bss)
    UartHandle                               0x200086b8   Data          64  los_bsp_uart.o(.bss)
    example_event                            0x20008778   Data          12  los_api_event.o(.bss)
    pBoxMem                                  0x20008784   Data         600  los_api_static_mem.o(.bss)
    __initial_sp                             0x20008de0   Data           0  startup_stm32f407xx.o(STACK)



==============================================================================

Memory Map of the image

  Image Entry point : 0x08000189

  Load Region LR_IROM1 (Base: 0x08000000, Size: 0x00007184, Max: 0x00100000, ABSOLUTE, COMPRESSED[0x00006c88])

    Execution Region ER_IROM1 (Base: 0x08000000, Size: 0x00006bdc, Max: 0x00100000, ABSOLUTE)

    Base Addr    Size         Type   Attr      Idx    E Section Name        Object

    0x08000000   0x00000188   Data   RO         4296    RESET               startup_stm32f407xx.o
    0x08000188   0x00000000   Code   RO         4338  * .ARM.Collect$$$$00000000  mc_w.l(entry.o)
    0x08000188   0x00000004   Code   RO         4644    .ARM.Collect$$$$00000001  mc_w.l(entry2.o)
    0x0800018c   0x00000004   Code   RO         4647    .ARM.Collect$$$$00000004  mc_w.l(entry5.o)
    0x08000190   0x00000000   Code   RO         4649    .ARM.Collect$$$$00000008  mc_w.l(entry7b.o)
    0x08000190   0x00000000   Code   RO         4651    .ARM.Collect$$$$0000000A  mc_w.l(entry8b.o)
    0x08000190   0x00000008   Code   RO         4652    .ARM.Collect$$$$0000000B  mc_w.l(entry9a.o)
    0x08000198   0x00000000   Code   RO         4654    .ARM.Collect$$$$0000000D  mc_w.l(entry10a.o)
    0x08000198   0x00000000   Code   RO         4656    .ARM.Collect$$$$0000000F  mc_w.l(entry11a.o)
    0x08000198   0x00000004   Code   RO         4645    .ARM.Collect$$$$00002712  mc_w.l(entry2.o)
    0x0800019c   0x000000ec   Code   RO         1279    .text               los_dispatch_keil.o
    0x08000288   0x00000024   Code   RO         4297    .text               startup_stm32f407xx.o
    0x080002ac   0x00000062   Code   RO         4341    .text               mc_w.l(uldiv.o)
    0x0800030e   0x00000024   Code   RO         4345    .text               mc_w.l(memseta.o)
    0x08000332   0x000000de   Code   RO         4638    .text               mf_w.l(ddiv.o)
    0x08000410   0x00000030   Code   RO         4642    .text               mf_w.l(dfixul.o)
    0x08000440   0x0000002c   Code   RO         4659    .text               mc_w.l(uidiv.o)
    0x0800046c   0x0000001e   Code   RO         4661    .text               mc_w.l(llshl.o)
    0x0800048a   0x00000020   Code   RO         4663    .text               mc_w.l(llushr.o)
    0x080004aa   0x00000000   Code   RO         4667    .text               mc_w.l(iusefp.o)
    0x080004aa   0x000000ba   Code   RO         4668    .text               mf_w.l(depilogue.o)
    0x08000564   0x0000014e   Code   RO         4670    .text               mf_w.l(dadd.o)
    0x080006b2   0x000000e4   Code   RO         4672    .text               mf_w.l(dmul.o)
    0x08000796   0x00000002   PAD
    0x08000798   0x00000030   Code   RO         4674    .text               mf_w.l(cdrcmple.o)
    0x080007c8   0x00000024   Code   RO         4676    .text               mc_w.l(init.o)
    0x080007ec   0x00000024   Code   RO         4678    .text               mc_w.l(llsshr.o)
    0x08000810   0x00000056   Code   RO         4688    .text               mc_w.l(__dczerorl2.o)
    0x08000866   0x00000002   PAD
    0x08000868   0x0000007c   Code   RO         1783    i.BSP_PB_Init       los_bsp_key.o
    0x080008e4   0x00000004   Code   RO         3859    i.BusFault_Handler  stm32f4xx_it.o
    0x080008e8   0x00000002   Code   RO         3860    i.DebugMon_Handler  stm32f4xx_it.o
    0x080008ea   0x00000002   PAD
    0x080008ec   0x00000014   Code   RO         1894    i.Error_Handler     los_bsp_uart.o
    0x08000900   0x00000014   Code   RO         1967    i.Error_Handler     main.o
    0x08000914   0x00000110   Code   RO         3919    i.Example_Dyn_Mem   los_api_dynamic_mem.o
    0x08000a24   0x000000a8   Code   RO         3947    i.Example_Event     los_api_event.o
    0x08000acc   0x000000d8   Code   RO         4117    i.Example_GetTick   los_api_systick.o
    0x08000ba4   0x00000120   Code   RO         4021    i.Example_MsgQueue  los_api_msgqueue.o
    0x08000cc4   0x00000144   Code   RO         4048    i.Example_MutexLock  los_api_mutex.o
    0x08000e08   0x00000118   Code   RO         4049    i.Example_MutexTask1  los_api_mutex.o
    0x08000f20   0x000000e4   Code   RO         4050    i.Example_MutexTask2  los_api_mutex.o
    0x08001004   0x000000e0   Code   RO         4075    i.Example_SemTask1  los_api_sem.o
    0x080010e4   0x000000d8   Code   RO         4076    i.Example_SemTask2  los_api_sem.o
    0x080011bc   0x00000158   Code   RO         4077    i.Example_Semphore  los_api_sem.o
    0x08001314   0x00000154   Code   RO         3948    i.Example_SndRcvEvent  los_api_event.o
    0x08001468   0x00000144   Code   RO         4102    i.Example_StaticMem  los_api_static_mem.o
    0x080015ac   0x00000114   Code   RO         4135    i.Example_TaskHi    los_api_task.o
    0x080016c0   0x000000e4   Code   RO         4136    i.Example_TaskLo    los_api_task.o
    0x080017a4   0x0000017c   Code   RO         4137    i.Example_TskCaseEntry  los_api_task.o
    0x08001920   0x00000194   Code   RO         4004    i.Example_list      los_api_list.o
    0x08001ab4   0x00000108   Code   RO         4176    i.Example_swTimer   los_api_timer.o
    0x08001bbc   0x00000200   Code   RO         2615    i.HAL_GPIO_Init     stm32f4xx_hal_gpio.o
    0x08001dbc   0x00000010   Code   RO         2617    i.HAL_GPIO_ReadPin  stm32f4xx_hal_gpio.o
    0x08001dcc   0x0000000c   Code   RO         2619    i.HAL_GPIO_WritePin  stm32f4xx_hal_gpio.o
    0x08001dd8   0x0000000c   Code   RO         2067    i.HAL_GetTick       stm32f4xx_hal.o
    0x08001de4   0x00000010   Code   RO         2069    i.HAL_IncTick       stm32f4xx_hal.o
    0x08001df4   0x0000003c   Code   RO         2070    i.HAL_Init          stm32f4xx_hal.o
    0x08001e30   0x00000028   Code   RO         2071    i.HAL_InitTick      stm32f4xx_hal.o
    0x08001e58   0x00000002   Code   RO         2073    i.HAL_MspInit       stm32f4xx_hal.o
    0x08001e5a   0x0000001a   Code   RO         2212    i.HAL_NVIC_EnableIRQ  stm32f4xx_hal_cortex.o
    0x08001e74   0x0000007c   Code   RO         2218    i.HAL_NVIC_SetPriority  stm32f4xx_hal_cortex.o
    0x08001ef0   0x00000028   Code   RO         2219    i.HAL_NVIC_SetPriorityGrouping  stm32f4xx_hal_cortex.o
    0x08001f18   0x000001d0   Code   RO         2871    i.HAL_RCC_ClockConfig  stm32f4xx_hal_rcc.o
    0x080020e8   0x0000000c   Code   RO         2876    i.HAL_RCC_GetHCLKFreq  stm32f4xx_hal_rcc.o
    0x080020f4   0x0000002c   Code   RO         2878    i.HAL_RCC_GetPCLK1Freq  stm32f4xx_hal_rcc.o
    0x08002120   0x0000002c   Code   RO         2879    i.HAL_RCC_GetPCLK2Freq  stm32f4xx_hal_rcc.o
    0x0800214c   0x000000b4   Code   RO         2880    i.HAL_RCC_GetSysClockFreq  stm32f4xx_hal_rcc.o
    0x08002200   0x0000044c   Code   RO         2883    i.HAL_RCC_OscConfig  stm32f4xx_hal_rcc.o
    0x0800264c   0x00000034   Code   RO         2223    i.HAL_SYSTICK_Config  stm32f4xx_hal_cortex.o
    0x08002680   0x00000072   Code   RO         3412    i.HAL_UART_Init     stm32f4xx_hal_uart.o
    0x080026f2   0x00000002   PAD
    0x080026f4   0x000000a0   Code   RO         3824    i.HAL_UART_MspInit  stm32f4xx_hal_msp.o
    0x08002794   0x000000d6   Code   RO         3420    i.HAL_UART_Transmit  stm32f4xx_hal_uart.o
    0x0800286a   0x00000004   Code   RO         3861    i.HardFault_Handler  stm32f4xx_it.o
    0x0800286e   0x0000001c   Code   RO         1088    i.LOS_Align         los_misc.o
    0x0800288a   0x00000002   PAD
    0x0800288c   0x00000048   Code   RO         1968    i.LOS_BoadExampleEntry  main.o
    0x080028d4   0x00000038   Code   RO         1969    i.LOS_BoadExampleTskfunc  main.o
    0x0800290c   0x00000006   Code   RO          248    i.LOS_CyclePerTickGet  los_sys.o
    0x08002912   0x0000001e   Code   RO         1056    i.LOS_DLnkInitMultiHead  los_multipledlinkhead.o
    0x08002930   0x0000002a   Code   RO         1057    i.LOS_DLnkMultiHead  los_multipledlinkhead.o
    0x0800295a   0x00000002   PAD
    0x0800295c   0x00000070   Code   RO         4231    i.LOS_Demo_Entry    los_demo_entry.o
    0x080029cc   0x0000000a   Code   RO         4232    i.LOS_Demo_Tskfunc  los_demo_entry.o
    0x080029d6   0x00000012   Code   RO         1106    i.LOS_EnableTick    los_config.o
    0x080029e8   0x00000024   Code   RO         1784    i.LOS_EvbGetKeyVal  los_bsp_key.o
    0x08002a0c   0x0000000c   Code   RO         1785    i.LOS_EvbKeyInit    los_bsp_key.o
    0x08002a18   0x0000005c   Code   RO         1864    i.LOS_EvbLedControl  los_bsp_led.o
    0x08002a74   0x00000058   Code   RO         1865    i.LOS_EvbLedInit    los_bsp_led.o
    0x08002acc   0x00000010   Code   RO         1621    i.LOS_EvbSetup      los_bsp_adapter.o
    0x08002adc   0x00000038   Code   RO         1895    i.LOS_EvbUartInit   los_bsp_uart.o
    0x08002b14   0x00000018   Code   RO         1898    i.LOS_EvbUartWriteByte  los_bsp_uart.o
    0x08002b2c   0x00000028   Code   RO         1899    i.LOS_EvbUartWriteStr  los_bsp_uart.o
    0x08002b54   0x00000028   Code   RO          572    i.LOS_EventClear    los_event.o
    0x08002b7c   0x0000001c   Code   RO          574    i.LOS_EventInit     los_event.o
    0x08002b98   0x00000050   Code   RO          575    i.LOS_EventPoll     los_event.o
    0x08002be8   0x0000015c   Code   RO          576    i.LOS_EventRead     los_event.o
    0x08002d44   0x000000f8   Code   RO          577    i.LOS_EventWrite    los_event.o
    0x08002e3c   0x00000164   Code   RO         4257    i.LOS_InspectByID   los_inspect_entry.o
    0x08002fa0   0x00000060   Code   RO         4258    i.LOS_InspectStatusSetByID  los_inspect_entry.o
    0x08003000   0x00000048   Code   RO         4259    i.LOS_Inspect_Entry  los_inspect_entry.o
    0x08003048   0x00000064   Code   RO         4260    i.LOS_Inspect_KeyAndLed  los_inspect_entry.o
    0x080030ac   0x000000cc   Code   RO         4261    i.LOS_Inspect_TskDeal  los_inspect_entry.o
    0x08003178   0x00000012   Code   RO         1107    i.LOS_KernelInit    los_config.o
    0x0800318a   0x0000000e   Code   RO          320    i.LOS_ListAdd       los_task.o
    0x08003198   0x0000000e   Code   RO          620    i.LOS_ListAdd       los_mux.o
    0x080031a6   0x0000000e   Code   RO          694    i.LOS_ListAdd       los_queue.o
    0x080031b4   0x0000000e   Code   RO          799    i.LOS_ListAdd       los_sem.o
    0x080031c2   0x0000000e   Code   RO          902    i.LOS_ListAdd       los_memory.o
    0x080031d0   0x0000000e   Code   RO         4005    i.LOS_ListAdd       los_api_list.o
    0x080031de   0x00000014   Code   RO          321    i.LOS_ListDelete    los_task.o
    0x080031f2   0x00000014   Code   RO          621    i.LOS_ListDelete    los_mux.o
    0x08003206   0x00000014   Code   RO          800    i.LOS_ListDelete    los_sem.o
    0x0800321a   0x00000014   Code   RO          903    i.LOS_ListDelete    los_memory.o
    0x0800322e   0x00000010   Code   RO          322    i.LOS_ListEmpty     los_task.o
    0x0800323e   0x00000010   Code   RO          622    i.LOS_ListEmpty     los_mux.o
    0x0800324e   0x00000010   Code   RO          695    i.LOS_ListEmpty     los_queue.o
    0x0800325e   0x00000010   Code   RO          801    i.LOS_ListEmpty     los_sem.o
    0x0800326e   0x00000006   Code   RO          323    i.LOS_ListInit      los_task.o
    0x08003274   0x00000006   Code   RO          623    i.LOS_ListInit      los_mux.o
    0x0800327a   0x00000006   Code   RO          696    i.LOS_ListInit      los_queue.o
    0x08003280   0x00000006   Code   RO          802    i.LOS_ListInit      los_sem.o
    0x08003286   0x00000010   Code   RO          324    i.LOS_ListTailInsert  los_task.o
    0x08003296   0x00000010   Code   RO          624    i.LOS_ListTailInsert  los_mux.o
    0x080032a6   0x00000010   Code   RO          803    i.LOS_ListTailInsert  los_sem.o
    0x080032b6   0x00000002   PAD
    0x080032b8   0x00000144   Code   RO         1058    i.LOS_Log2          los_multipledlinkhead.o
    0x080033fc   0x0000003a   Code   RO          904    i.LOS_MemAlloc      los_memory.o
    0x08003436   0x0000006c   Code   RO          905    i.LOS_MemAllocAlign  los_memory.o
    0x080034a2   0x00000054   Code   RO          906    i.LOS_MemFree       los_memory.o
    0x080034f6   0x000000a6   Code   RO          907    i.LOS_MemInit       los_memory.o
    0x0800359c   0x00000040   Code   RO          869    i.LOS_MemboxAlloc   los_membox.o
    0x080035dc   0x0000001c   Code   RO          870    i.LOS_MemboxClr     los_membox.o
    0x080035f8   0x000000a4   Code   RO          871    i.LOS_MemboxFree    los_membox.o
    0x0800369c   0x00000080   Code   RO          872    i.LOS_MemboxInit    los_membox.o
    0x0800371c   0x00000064   Code   RO          625    i.LOS_MuxCreate     los_mux.o
    0x08003780   0x00000068   Code   RO          626    i.LOS_MuxDelete     los_mux.o
    0x080037e8   0x00000148   Code   RO          627    i.LOS_MuxPend       los_mux.o
    0x08003930   0x00000100   Code   RO          628    i.LOS_MuxPost       los_mux.o
    0x08003a30   0x00000018   Code   RO            1    i.LOS_PriqueueDequeue  los_priqueue.o
    0x08003a48   0x00000024   Code   RO            2    i.LOS_PriqueueEnqueue  los_priqueue.o
    0x08003a6c   0x00000028   Code   RO            3    i.LOS_PriqueueSize  los_priqueue.o
    0x08003a94   0x0000003c   Code   RO            4    i.LOS_PriqueueTop   los_priqueue.o
    0x08003ad0   0x0000007c   Code   RO          697    i.LOS_QueueCreate   los_queue.o
    0x08003b4c   0x000000b0   Code   RO          698    i.LOS_QueueDelete   los_queue.o
    0x08003bfc   0x00000130   Code   RO          699    i.LOS_QueueRead     los_queue.o
    0x08003d2c   0x0000013c   Code   RO          700    i.LOS_QueueWrite    los_queue.o
    0x08003e68   0x00000040   Code   RO         1165    i.LOS_Schedule      los_hw.o
    0x08003ea8   0x0000006c   Code   RO          804    i.LOS_SemCreate     los_sem.o
    0x08003f14   0x00000060   Code   RO          805    i.LOS_SemDelete     los_sem.o
    0x08003f74   0x00000100   Code   RO          806    i.LOS_SemPend       los_sem.o
    0x08004074   0x000000b8   Code   RO          807    i.LOS_SemPost       los_sem.o
    0x0800412c   0x0000000c   Code   RO         1196    i.LOS_SetTickSycle  los_hw_tick.o
    0x08004138   0x0000000c   Code   RO         1108    i.LOS_Start         los_config.o
    0x08004144   0x0000008c   Code   RO          111    i.LOS_SwtmrCreate   los_swtmr.o
    0x080041d0   0x00000084   Code   RO          112    i.LOS_SwtmrDelete   los_swtmr.o
    0x08004254   0x00000084   Code   RO          113    i.LOS_SwtmrStart    los_swtmr.o
    0x080042d8   0x00000080   Code   RO          114    i.LOS_SwtmrStop     los_swtmr.o
    0x08004358   0x0000009c   Code   RO          325    i.LOS_TaskCreate    los_task.o
    0x080043f4   0x00000184   Code   RO          326    i.LOS_TaskCreateOnly  los_task.o
    0x08004578   0x00000080   Code   RO          327    i.LOS_TaskDelay     los_task.o
    0x080045f8   0x00000168   Code   RO          328    i.LOS_TaskDelete    los_task.o
    0x08004760   0x00000020   Code   RO          329    i.LOS_TaskLock      los_task.o
    0x08004780   0x000000b0   Code   RO          332    i.LOS_TaskResume    los_task.o
    0x08004830   0x000000e4   Code   RO          333    i.LOS_TaskSuspend   los_task.o
    0x08004914   0x0000003c   Code   RO          334    i.LOS_TaskUnlock    los_task.o
    0x08004950   0x00000084   Code   RO          335    i.LOS_TaskYield     los_task.o
    0x080049d4   0x0000000c   Code   RO          252    i.LOS_TickCountGet  los_sys.o
    0x080049e0   0x00000038   Code   RO         1197    i.LOS_TickHandler   los_hw_tick.o
    0x08004a18   0x00000002   Code   RO         1623    i.LosAdapIntInit    los_bsp_adapter.o
    0x08004a1a   0x00000004   Code   RO         3862    i.MemManage_Handler  stm32f4xx_it.o
    0x08004a1e   0x00000002   Code   RO         3863    i.NMI_Handler       stm32f4xx_it.o
    0x08004a20   0x00000010   Code   RO         2225    i.NVIC_GetPriorityGrouping  stm32f4xx_hal_cortex.o
    0x08004a30   0x00000028   Code   RO         2226    i.NVIC_SetPriority  stm32f4xx_hal_cortex.o
    0x08004a58   0x00000002   Code   RO         3864    i.SVC_Handler       stm32f4xx_it.o
    0x08004a5a   0x0000000c   Code   RO         1626    i.SysTick_Handler   los_bsp_adapter.o
    0x08004a66   0x00000002   PAD
    0x08004a68   0x000000a8   Code   RO         1970    i.SystemClock_Config  main.o
    0x08004b10   0x00000064   Code   RO         4305    i.SystemInit        system_stm32f4xx.o
    0x08004b74   0x00000050   Code   RO         4177    i.Timer1_Callback   los_api_timer.o
    0x08004bc4   0x00000058   Code   RO         4178    i.Timer2_Callback   los_api_timer.o
    0x08004c1c   0x00000368   Code   RO         3439    i.UART_SetConfig    stm32f4xx_hal_uart.o
    0x08004f84   0x0000006c   Code   RO         3441    i.UART_WaitOnFlagUntilTimeout  stm32f4xx_hal_uart.o
    0x08004ff0   0x00000004   Code   RO         3865    i.UsageFault_Handler  stm32f4xx_it.o
    0x08004ff4   0x00000020   Code   RO         4582    i.__0printf         mc_w.l(printfa.o)
    0x08005014   0x0000000e   Code   RO         4682    i.__scatterload_copy  mc_w.l(handlers.o)
    0x08005022   0x00000002   Code   RO         4683    i.__scatterload_null  mc_w.l(handlers.o)
    0x08005024   0x0000000e   Code   RO         4684    i.__scatterload_zeroinit  mc_w.l(handlers.o)
    0x08005032   0x00000002   PAD
    0x08005034   0x00000164   Code   RO         4589    i._fp_digits        mc_w.l(printfa.o)
    0x08005198   0x000006dc   Code   RO         4590    i._printf_core      mc_w.l(printfa.o)
    0x08005874   0x00000024   Code   RO         4591    i._printf_post_padding  mc_w.l(printfa.o)
    0x08005898   0x0000002e   Code   RO         4592    i._printf_pre_padding  mc_w.l(printfa.o)
    0x080058c6   0x00000010   Code   RO         1900    i.fputc             los_bsp_uart.o
    0x080058d6   0x00000002   PAD
    0x080058d8   0x00000050   Code   RO         4610    i.free              mc_w.l(malloc.o)
    0x08005928   0x00000042   Code   RO         1971    i.main              main.o
    0x0800596a   0x00000008   Code   RO         1225    i.osHwiDefaultHandler  los_hwi.o
    0x08005972   0x00000002   PAD
    0x08005974   0x00000024   Code   RO         1226    i.osHwiInit         los_hwi.o
    0x08005998   0x00000004   Code   RO          336    i.osIdleTask        los_task.o
    0x0800599c   0x0000004c   Code   RO          337    i.osIdleTaskCreate  los_task.o
    0x080059e8   0x0000000c   Code   RO         1227    i.osIntNumGet       los_hwi.o
    0x080059f4   0x00000070   Code   RO         1111    i.osMain            los_config.o
    0x08005a64   0x0000005c   Code   RO          909    i.osMemAllocWithCheck  los_memory.o
    0x08005ac0   0x00000098   Code   RO          910    i.osMemCheckUsedNode  los_memory.o
    0x08005b58   0x00000050   Code   RO          911    i.osMemFindSuitableFreeBlock  los_memory.o
    0x08005ba8   0x000000b2   Code   RO          912    i.osMemFreeNode     los_memory.o
    0x08005c5a   0x0000003e   Code   RO          913    i.osMemIsNodeValid  los_memory.o
    0x08005c98   0x00000024   Code   RO          914    i.osMemMergeNode    los_memory.o
    0x08005cbc   0x00000020   Code   RO          915    i.osMemSetMagicNumAndTaskid  los_memory.o
    0x08005cdc   0x0000005c   Code   RO          916    i.osMemSpitNode     los_memory.o
    0x08005d38   0x00000024   Code   RO          917    i.osMemSystemInit   los_memory.o
    0x08005d5c   0x0000005c   Code   RO          629    i.osMuxInit         los_mux.o
    0x08005db8   0x00000048   Code   RO            6    i.osPriqueueInit    los_priqueue.o
    0x08005e00   0x00000070   Code   RO          701    i.osQueueCreate     los_queue.o
    0x08005e70   0x00000038   Code   RO          702    i.osQueueInit       los_queue.o
    0x08005ea8   0x00000084   Code   RO          705    i.osQueuePend       los_queue.o
    0x08005f2c   0x0000005a   Code   RO          706    i.osQueueWakeUp     los_queue.o
    0x08005f86   0x00000002   PAD
    0x08005f88   0x0000001c   Code   RO         1112    i.osRegister        los_config.o
    0x08005fa4   0x00000008   Code   RO         1166    i.osSchedule        los_hw.o
    0x08005fac   0x00000058   Code   RO          808    i.osSemInit         los_sem.o
    0x08006004   0x000000ac   Code   RO          117    i.osSwTmrInit       los_swtmr.o
    0x080060b0   0x00000060   Code   RO          118    i.osSwTmrStart      los_swtmr.o
    0x08006110   0x00000050   Code   RO          119    i.osSwTmrTask       los_swtmr.o
    0x08006160   0x00000048   Code   RO          120    i.osSwTmrTaskCreate  los_swtmr.o
    0x080061a8   0x0000008c   Code   RO          121    i.osSwTmrTimeoutHandle  los_swtmr.o
    0x08006234   0x00000014   Code   RO          122    i.osSwtmrDelete     los_swtmr.o
    0x08006248   0x00000024   Code   RO          123    i.osSwtmrScan       los_swtmr.o
    0x0800626c   0x00000048   Code   RO          124    i.osSwtmrStop       los_swtmr.o
    0x080062b4   0x000000c0   Code   RO          338    i.osTaskAdd2TimerList  los_task.o
    0x08006374   0x000000a4   Code   RO          339    i.osTaskEntry       los_task.o
    0x08006418   0x00000008   Code   RO         1167    i.osTaskExit        los_hw.o
    0x08006420   0x00000128   Code   RO          340    i.osTaskInit        los_task.o
    0x08006548   0x00000034   Code   RO         1027    i.osTaskMemUsedDec  los_memstat.o
    0x0800657c   0x0000003c   Code   RO         1028    i.osTaskMemUsedInc  los_memstat.o
    0x080065b8   0x00000038   Code   RO          341    i.osTaskPriModify   los_task.o
    0x080065f0   0x000000dc   Code   RO          342    i.osTaskScan        los_task.o
    0x080066cc   0x000000fc   Code   RO          343    i.osTaskSelfDelete  los_task.o
    0x080067c8   0x00000028   Code   RO          520    i.osTickHandler     los_tick.o
    0x080067f0   0x00000040   Code   RO         1627    i.osTickStart       los_bsp_adapter.o
    0x08006830   0x00000048   Code   RO          344    i.osTimerListDelete  los_task.o
    0x08006878   0x0000004c   Code   RO          548    i.osTimesliceCheck  los_timeslice.o
    0x080068c4   0x00000010   Code   RO          549    i.osTimesliceInit   los_timeslice.o
    0x080068d4   0x00000140   Code   RO         1168    i.osTskStackInit    los_hw.o
    0x08006a14   0x000000cc   Code   RO         4022    i.recv_Entry        los_api_msgqueue.o
    0x08006ae0   0x00000074   Code   RO         4023    i.send_Entry        los_api_msgqueue.o
    0x08006b54   0x00000009   Data   RO         1628    .constdata          los_bsp_adapter.o
    0x08006b5d   0x00000018   Data   RO         4306    .constdata          system_stm32f4xx.o
    0x08006b75   0x00000003   PAD
    0x08006b78   0x00000042   Data   RO         4078    .conststring        los_api_sem.o
    0x08006bba   0x00000002   PAD
    0x08006bbc   0x00000020   Data   RO         4680    Region$$Table       anon$$obj.o


    Execution Region RW_IRAM1 (Base: 0x20000000, Size: 0x00008de0, Max: 0x00020000, ABSOLUTE, COMPRESSED[0x000000ac])

    Base Addr    Size         Type   Attr      Idx    E Section Name        Object

    0x20000000   0x00000004   Data   RW            7    .data               los_priqueue.o
    0x20000004   0x00000010   Data   RW          126    .data               los_swtmr.o
    0x20000014   0x00000044   Data   RW          345    .data               los_task.o
    0x20000058   0x00000010   Data   RW          521    .data               los_tick.o
    0x20000068   0x00000008   Data   RW          550    .data               los_timeslice.o
    0x20000070   0x0000000c   Data   RW          630    .data               los_mux.o
    0x2000007c   0x00000004   Data   RW          707    .data               los_queue.o
    0x20000080   0x0000000c   Data   RW          809    .data               los_sem.o
    0x2000008c   0x00000008   Data   RW         1113    .data               los_config.o
    0x20000094   0x00000004   Data   RW         1198    .data               los_hw_tick.o
    0x20000098   0x00000004   Data   RW         1230    .data               los_hwi.o
    0x2000009c   0x00000004   Data   RW         1629    .data               los_bsp_adapter.o
    0x200000a0   0x00000004   Data   RW         1972    .data               main.o
    0x200000a4   0x00000004   Data   RW         2076    .data               stm32f4xx_hal.o
    0x200000a8   0x00000008   Data   RW         3950    .data               los_api_event.o
    0x200000b0   0x00000016   Data   RW         4024    .data               los_api_msgqueue.o
    0x200000c6   0x00000002   PAD
    0x200000c8   0x0000000c   Data   RW         4051    .data               los_api_mutex.o
    0x200000d4   0x0000000c   Data   RW         4079    .data               los_api_sem.o
    0x200000e0   0x00000008   Data   RW         4138    .data               los_api_task.o
    0x200000e8   0x00000008   Data   RW         4179    .data               los_api_timer.o
    0x200000f0   0x00000004   Data   RW         4234    .data               los_demo_entry.o
    0x200000f4   0x000000a8   Data   RW         4262    .data               los_inspect_entry.o
    0x2000019c   0x00000004   Data   RW         4307    .data               system_stm32f4xx.o
    0x200001a0   0x00000004   Data   RW         4658    .data               mc_w.l(stdout.o)
    0x200001a4   0x00000004   Data   RW         4665    .data               mc_w.l(mvars.o)
    0x200001a8   0x00000400   Data   RW         1231    .vector.bss         los_hwi.o
    0x200005a8   0x000000d0   Zero   RW          125    .bss                los_swtmr.o
    0x20000678   0x00008000   Zero   RW          918    .bss                los_memory.o
    0x20008678   0x00000040   Zero   RW         1029    .bss                los_memstat.o
    0x200086b8   0x000000c0   Zero   RW         1901    .bss                los_bsp_uart.o
    0x20008778   0x0000000c   Zero   RW         3949    .bss                los_api_event.o
    0x20008784   0x00000258   Zero   RW         4103    .bss                los_api_static_mem.o
    0x200089dc   0x00000004   PAD
    0x200089e0   0x00000400   Zero   RW         4294    STACK               startup_stm32f407xx.o


==============================================================================

Image component sizes


      Code (inc. data)   RO Data    RW Data    ZI Data      Debug   Object Name

         0          0          0          0          0      10212   cmsis_liteos.o
       272        138          0          0          0       2098   los_api_dynamic_mem.o
       508        284          0          8         12       1711   los_api_event.o
       418        172          0          0          0       1655   los_api_list.o
       608        282          0         22          0       3380   los_api_msgqueue.o
       832        492          0         12          0       2390   los_api_mutex.o
       784        440         66         12          0       2265   los_api_sem.o
       324        180          0          0        600       1562   los_api_static_mem.o
       216         90          0          0          0        786   los_api_systick.o
       884        542          0          8          0       2423   los_api_task.o
       432        196          0          8          0       2184   los_api_timer.o
        94         10          9          4          0     556038   los_bsp_adapter.o
       172         20          0          0          0      92198   los_bsp_key.o
       180         16          0          0          0       1801   los_bsp_led.o
       156         26          0          0        192       5628   los_bsp_uart.o
       188         18          0          8          0       3852   los_config.o
       122         54          0          4          0       1400   los_demo_entry.o
       236         24          0          0          0        420   los_dispatch_keil.o
       744         32          0          0          0       5266   los_event.o
       400         22          0          0          0       3094   los_hw.o
        68         10          0          4          0       1421   los_hw_tick.o
        56         10          0       1028          0       5178   los_hwi.o
       828        352          0        168          0       4835   los_inspect_entry.o
       384         10          0          0          0       4652   los_membox.o
      1210         14          0          0      32768      15904   los_memory.o
       112         24          0          0         64       2013   los_memstat.o
        28          0          0          0          0        636   los_misc.o
       396          4          0          0          0       5196   los_multipledlinkhead.o
       952         80          0         12          0      10620   los_mux.o
       232         22          0          4          0      15298   los_priqueue.o
      1346         86          0          4          0      19299   los_queue.o
       804         70          0         12          0       8304   los_sem.o
      1220        128          0         16        208      21698   los_swtmr.o
        18          6          0          0          0       1065   los_sys.o
      3064        276          0         68          0      28905   los_task.o
        40          6          0         16          0        885   los_tick.o
        92         16          0          8          0       1337   los_timeslice.o
       382         50          0          4          0       3827   main.o
        36          8        392          0       1024        872   startup_stm32f407xx.o
       130         20          0          4          0       4737   stm32f4xx_hal.o
       298         22          0          0          0      31355   stm32f4xx_hal_cortex.o
       540         46          0          0          0       3235   stm32f4xx_hal_gpio.o
       160          8          0          0          0       1247   stm32f4xx_hal_msp.o
      1844         80          0          0          0       5888   stm32f4xx_hal_rcc.o
      1308          8          0          0          0       4044   stm32f4xx_hal_uart.o
        22          0          0          0          0       3807   stm32f4xx_it.o
       100         18         24          4          0       1399   system_stm32f4xx.o

    ----------------------------------------------------------------------
     23258       4412        528       1440      34872     908020   Object Totals
         0          0         32          0          0          0   (incl. Generated)
        18          0          5          2          4          0   (incl. Padding)

    ----------------------------------------------------------------------

      Code (inc. data)   RO Data    RW Data    ZI Data      Debug   Library Member Name

        86          0          0          0          0          0   __dczerorl2.o
         0          0          0          0          0          0   entry.o
         0          0          0          0          0          0   entry10a.o
         0          0          0          0          0          0   entry11a.o
         8          4          0          0          0          0   entry2.o
         4          0          0          0          0          0   entry5.o
         0          0          0          0          0          0   entry7b.o
         0          0          0          0          0          0   entry8b.o
         8          4          0          0          0          0   entry9a.o
        30          0          0          0          0          0   handlers.o
        36          8          0          0          0         68   init.o
         0          0          0          0          0          0   iusefp.o
        30          0          0          0          0         68   llshl.o
        36          0          0          0          0         68   llsshr.o
        32          0          0          0          0         68   llushr.o
        80          4          0          0          0         76   malloc.o
        36          0          0          0          0        108   memseta.o
         0          0          0          4          0          0   mvars.o
      2226         90          0          0          0        444   printfa.o
         0          0          0          4          0          0   stdout.o
        44          0          0          0          0         80   uidiv.o
        98          0          0          0          0         92   uldiv.o
        48          0          0          0          0         68   cdrcmple.o
       334          0          0          0          0        148   dadd.o
       222          0          0          0          0        100   ddiv.o
       186          0          0          0          0        176   depilogue.o
        48          0          0          0          0         68   dfixul.o
       228          0          0          0          0         96   dmul.o

    ----------------------------------------------------------------------
      3826        110          0          8          0       1728   Library Totals
         6          0          0          0          0          0   (incl. Padding)

    ----------------------------------------------------------------------

      Code (inc. data)   RO Data    RW Data    ZI Data      Debug   Library Name

      2754        110          0          8          0       1072   mc_w.l
      1066          0          0          0          0        656   mf_w.l

    ----------------------------------------------------------------------
      3826        110          0          8          0       1728   Library Totals

    ----------------------------------------------------------------------

==============================================================================


      Code (inc. data)   RO Data    RW Data    ZI Data      Debug   

     27084       4522        528       1448      34872     889648   Grand Totals
     27084       4522        528        172      34872     889648   ELF Image Totals (compressed)
     27084       4522        528        172          0          0   ROM Totals

==============================================================================

    Total RO  Size (Code + RO Data)                27612 (  26.96kB)
    Total RW  Size (RW Data + ZI Data)             36320 (  35.47kB)
    Total ROM Size (Code + RO Data + RW Data)      27784 (  27.13kB)

==============================================================================

